> hvigor [33mWARN: hvigor client: Failed to find or create an available daemon. Build will be executed in no-daemon mode.[39m
> hvigor [32mUP-TO-DATE :entry:default@PreBuild...  [39m
> hvigor [32mFinished :entry:default@CreateModuleInfo... after 1 ms [39m
> hvigor [32mUP-TO-DATE :entry:default@GenerateMetadata...  [39m
> hvigor [32mFinished :entry:default@ConfigureCmake... after 1 ms [39m
> hvigor [32mUP-TO-DATE :entry:default@MergeProfile...  [39m
> hvigor [32mUP-TO-DATE :entry:default@CreateBuildProfile...  [39m
> hvigor [32mFinished :entry:default@PreCheckSyscap... after 1 ms [39m
> hvigor [32mUP-TO-DATE :entry:default@GeneratePkgContextInfo...  [39m
> hvigor [32mFinished :entry:default@ProcessIntegratedHsp... after 1 ms [39m
> hvigor [32mFinished :entry:default@BuildNativeWithCmake... after 1 ms [39m
> hvigor [32mUP-TO-DATE :entry:default@MakePackInfo...  [39m
> hvigor [32mFinished :entry:default@SyscapTransform... after 11 ms [39m
> hvigor [32mUP-TO-DATE :entry:default@ProcessProfile...  [39m
> hvigor [32mUP-TO-DATE :entry:default@ProcessRouterMap...  [39m
> hvigor [32mUP-TO-DATE :entry:default@ProcessShareConfig...  [39m
> hvigor [32mFinished :entry:default@ProcessStartupConfig... after 7 ms [39m
> hvigor [32mFinished :entry:default@BuildNativeWithNinja... after 1 ms [39m
> hvigor [32mUP-TO-DATE :entry:default@ProcessResource...  [39m
> hvigor [32mUP-TO-DATE :entry:default@GenerateLoaderJson...  [39m
> hvigor [32mUP-TO-DATE :entry:default@ProcessLibs...  [39m
> hvigor [32mUP-TO-DATE :entry:default@CompileResource...  [39m
> hvigor [32mUP-TO-DATE :entry:default@DoNativeStrip...  [39m
> hvigor [32mFinished :entry:default@BuildJS... after 6 ms [39m
> hvigor [32mUP-TO-DATE :entry:default@CacheNativeLibs...  [39m
> hvigor [33mWARN: [33mWARN: [33m[33mArkTS:WARN File: C:/Users/lneoo/Desktop/cltest/Anywhere/Anywhere_harmony/oh_modules/.ohpm/@luvi+lv-markdown-in@3.4.1/oh_modules/@luvi/lv-markdown-in/src/main/ets/lv-markdown-in/lib/utils/controller/lvFootnoteController.d.ets:2:1
 Switching off type checks with in-place comments is not allowed (arkts-strict-typing-required)
[39m[39m
[33mWARN: [33m[33mArkTS:WARN File: C:/Users/lneoo/Desktop/cltest/Anywhere/Anywhere_harmony/oh_modules/.ohpm/@luvi+lv-markdown-in@3.4.1/oh_modules/@luvi/lv-markdown-in/src/main/ets/lv-markdown-in/lib/Index.d.ets:2:1
 Switching off type checks with in-place comments is not allowed (arkts-strict-typing-required)
[39m[39m
[33mWARN: [33m[33mArkTS:WARN File: C:/Users/lneoo/Desktop/cltest/Anywhere/Anywhere_harmony/oh_modules/.ohpm/@luvi+lv-markdown-in@3.4.1/oh_modules/@luvi/lv-markdown-in/src/main/ets/lv-markdown-in/lib/domain/LvTitle.d.ets:2:1
 Switching off type checks with in-place comments is not allowed (arkts-strict-typing-required)
[39m[39m
[33mWARN: [33m[33mArkTS:WARN File: C:/Users/lneoo/Desktop/cltest/Anywhere/Anywhere_harmony/oh_modules/.ohpm/@luvi+lv-markdown-in@3.4.1/oh_modules/@luvi/lv-markdown-in/src/main/ets/lv-markdown-in/lib/domain/LvText.d.ets:2:1
 Switching off type checks with in-place comments is not allowed (arkts-strict-typing-required)
[39m[39m
[33mWARN: [33m[33mArkTS:WARN File: C:/Users/lneoo/Desktop/cltest/Anywhere/Anywhere_harmony/oh_modules/.ohpm/@luvi+lv-markdown-in@3.4.1/oh_modules/@luvi/lv-markdown-in/src/main/ets/lv-markdown-in/lib/domain/LvCode.d.ets:2:1
 Switching off type checks with in-place comments is not allowed (arkts-strict-typing-required)
[39m[39m
[33mWARN: [33m[33mArkTS:WARN File: C:/Users/lneoo/Desktop/cltest/Anywhere/Anywhere_harmony/oh_modules/.ohpm/@luvi+lv-markdown-in@3.4.1/oh_modules/@luvi/lv-markdown-in/src/main/ets/lv-markdown-in/lib/domain/LvLink.d.ets:2:1
 Switching off type checks with in-place comments is not allowed (arkts-strict-typing-required)
[39m[39m
[33mWARN: [33m[33mArkTS:WARN File: C:/Users/lneoo/Desktop/cltest/Anywhere/Anywhere_harmony/oh_modules/.ohpm/@luvi+lv-markdown-in@3.4.1/oh_modules/@luvi/lv-markdown-in/src/main/ets/lv-markdown-in/lib/domain/LvQuote.d.ets:2:1
 Switching off type checks with in-place comments is not allowed (arkts-strict-typing-required)
[39m[39m
[33mWARN: [33m[33mArkTS:WARN File: C:/Users/lneoo/Desktop/cltest/Anywhere/Anywhere_harmony/oh_modules/.ohpm/@luvi+lv-markdown-in@3.4.1/oh_modules/@luvi/lv-markdown-in/src/main/ets/lv-markdown-in/lib/domain/LvImage.d.ets:2:1
 Switching off type checks with in-place comments is not allowed (arkts-strict-typing-required)
[39m[39m
[33mWARN: [33m[33mArkTS:WARN File: C:/Users/lneoo/Desktop/cltest/Anywhere/Anywhere_harmony/oh_modules/.ohpm/@luvi+lv-markdown-in@3.4.1/oh_modules/@luvi/lv-markdown-in/src/main/ets/lv-markdown-in/lib/utils/common/index.d.ets:2:1
 Switching off type checks with in-place comments is not allowed (arkts-strict-typing-required)
[39m[39m
[33mWARN: [33m[33mArkTS:WARN File: C:/Users/lneoo/Desktop/cltest/Anywhere/Anywhere_harmony/oh_modules/.ohpm/@luvi+lv-markdown-in@3.4.1/oh_modules/@luvi/lv-markdown-in/src/main/ets/enhance/constant/CodeTheme.d.ets:2:1
 Switching off type checks with in-place comments is not allowed (arkts-strict-typing-required)
[39m[39m
[33mWARN: [33m[33mArkTS:WARN File: C:/Users/lneoo/Desktop/cltest/Anywhere/Anywhere_harmony/oh_modules/.ohpm/@luvi+lv-markdown-in@3.4.1/oh_modules/@luvi/lv-markdown-in/src/main/ets/enhance/model/CodeHighlight.d.ets:2:1
 Switching off type checks with in-place comments is not allowed (arkts-strict-typing-required)
[39m[39m
[33mWARN: [33m[33mArkTS:WARN File: C:/Users/lneoo/Desktop/cltest/Anywhere/Anywhere_harmony/oh_modules/.ohpm/@luvi+lv-markdown-in@3.4.1/oh_modules/@luvi/lv-markdown-in/src/main/ets/enhance/controller/MarkdonwController.d.ets:86:9
 Type notation using "this" is not supported (arkts-no-typing-with-this)
[39m[39m
[33mWARN: [33m[33mArkTS:WARN File: C:/Users/lneoo/Desktop/cltest/Anywhere/Anywhere_harmony/oh_modules/.ohpm/@luvi+lv-markdown-in@3.4.1/oh_modules/@luvi/lv-markdown-in/src/main/ets/enhance/controller/MarkdonwController.d.ets:106:9
 Type notation using "this" is not supported (arkts-no-typing-with-this)
[39m[39m
[33mWARN: [33m[33mArkTS:WARN File: C:/Users/lneoo/Desktop/cltest/Anywhere/Anywhere_harmony/oh_modules/.ohpm/@luvi+lv-markdown-in@3.4.1/oh_modules/@luvi/lv-markdown-in/src/main/ets/enhance/controller/MarkdonwController.d.ets:126:9
 Type notation using "this" is not supported (arkts-no-typing-with-this)
[39m[39m
[33mWARN: [33m[33mArkTS:WARN File: C:/Users/lneoo/Desktop/cltest/Anywhere/Anywhere_harmony/oh_modules/.ohpm/@luvi+lv-markdown-in@3.4.1/oh_modules/@luvi/lv-markdown-in/src/main/ets/enhance/controller/MarkdonwController.d.ets:147:9
 Type notation using "this" is not supported (arkts-no-typing-with-this)
[39m[39m
[33mWARN: [33m[33mArkTS:WARN File: C:/Users/lneoo/Desktop/cltest/Anywhere/Anywhere_harmony/oh_modules/.ohpm/@luvi+lv-markdown-in@3.4.1/oh_modules/@luvi/lv-markdown-in/src/main/ets/enhance/controller/MarkdonwController.d.ets:168:9
 Type notation using "this" is not supported (arkts-no-typing-with-this)
[39m[39m
[33mWARN: [33m[33mArkTS:WARN File: C:/Users/lneoo/Desktop/cltest/Anywhere/Anywhere_harmony/oh_modules/.ohpm/@luvi+lv-markdown-in@3.4.1/oh_modules/@luvi/lv-markdown-in/src/main/ets/enhance/controller/MarkdonwController.d.ets:190:9
 Type notation using "this" is not supported (arkts-no-typing-with-this)
[39m[39m
[33mWARN: [33m[33mArkTS:WARN File: C:/Users/lneoo/Desktop/cltest/Anywhere/Anywhere_harmony/oh_modules/.ohpm/@luvi+lv-markdown-in@3.4.1/oh_modules/@luvi/lv-markdown-in/src/main/ets/enhance/controller/MarkdonwController.d.ets:203:39
 Type notation using "this" is not supported (arkts-no-typing-with-this)
[39m[39m
[33mWARN: [33m[33mArkTS:WARN File: C:/Users/lneoo/Desktop/cltest/Anywhere/Anywhere_harmony/oh_modules/.ohpm/@luvi+lv-markdown-in@3.4.1/oh_modules/@luvi/lv-markdown-in/src/main/ets/enhance/controller/MarkdonwController.d.ets:209:51
 Type notation using "this" is not supported (arkts-no-typing-with-this)
[39m[39m
[33mWARN: [33m[33mArkTS:WARN File: C:/Users/lneoo/Desktop/cltest/Anywhere/Anywhere_harmony/oh_modules/.ohpm/@luvi+lv-markdown-in@3.4.1/oh_modules/@luvi/lv-markdown-in/src/main/ets/enhance/controller/MarkdonwController.d.ets:215:45
 Type notation using "this" is not supported (arkts-no-typing-with-this)
[39m[39m
[33mWARN: [33m[33mArkTS:WARN File: C:/Users/lneoo/Desktop/cltest/Anywhere/Anywhere_harmony/oh_modules/.ohpm/@luvi+lv-markdown-in@3.4.1/oh_modules/@luvi/lv-markdown-in/src/main/ets/enhance/controller/MarkdonwController.d.ets:221:42
 Type notation using "this" is not supported (arkts-no-typing-with-this)
[39m[39m
[33mWARN: [33m[33mArkTS:WARN File: C:/Users/lneoo/Desktop/cltest/Anywhere/Anywhere_harmony/oh_modules/.ohpm/@luvi+lv-markdown-in@3.4.1/oh_modules/@luvi/lv-markdown-in/src/main/ets/enhance/controller/MarkdonwController.d.ets:227:45
 Type notation using "this" is not supported (arkts-no-typing-with-this)
[39m[39m
[33mWARN: [33m[33mArkTS:WARN File: C:/Users/lneoo/Desktop/cltest/Anywhere/Anywhere_harmony/oh_modules/.ohpm/@luvi+lv-markdown-in@3.4.1/oh_modules/@luvi/lv-markdown-in/src/main/ets/enhance/controller/MarkdonwController.d.ets:233:55
 Type notation using "this" is not supported (arkts-no-typing-with-this)
[39m[39m
[33mWARN: [33m[33mArkTS:WARN File: C:/Users/lneoo/Desktop/cltest/Anywhere/Anywhere_harmony/oh_modules/.ohpm/@luvi+lv-markdown-in@3.4.1/oh_modules/@luvi/lv-markdown-in/src/main/ets/enhance/controller/MarkdonwController.d.ets:239:52
 Type notation using "this" is not supported (arkts-no-typing-with-this)
[39m[39m
[33mWARN: [33m[33mArkTS:WARN File: C:/Users/lneoo/Desktop/cltest/Anywhere/Anywhere_harmony/oh_modules/.ohpm/@luvi+lv-markdown-in@3.4.1/oh_modules/@luvi/lv-markdown-in/src/main/ets/enhance/controller/MarkdonwController.d.ets:246:46
 Type notation using "this" is not supported (arkts-no-typing-with-this)
[39m[39m
[33mWARN: [33m[33mArkTS:WARN File: C:/Users/lneoo/Desktop/cltest/Anywhere/Anywhere_harmony/oh_modules/.ohpm/@luvi+lv-markdown-in@3.4.1/oh_modules/@luvi/lv-markdown-in/src/main/ets/enhance/controller/MarkdonwController.d.ets:252:50
 Type notation using "this" is not supported (arkts-no-typing-with-this)
[39m[39m
[33mWARN: [33m[33mArkTS:WARN File: C:/Users/lneoo/Desktop/cltest/Anywhere/Anywhere_harmony/oh_modules/.ohpm/@luvi+lv-markdown-in@3.4.1/oh_modules/@luvi/lv-markdown-in/src/main/ets/enhance/controller/MarkdonwController.d.ets:259:54
 Type notation using "this" is not supported (arkts-no-typing-with-this)
[39m[39m
[33mWARN: [33m[33mArkTS:WARN File: C:/Users/lneoo/Desktop/cltest/Anywhere/Anywhere_harmony/oh_modules/.ohpm/@luvi+lv-markdown-in@3.4.1/oh_modules/@luvi/lv-markdown-in/src/main/ets/enhance/controller/MarkdonwController.d.ets:266:53
 Type notation using "this" is not supported (arkts-no-typing-with-this)
[39m[39m
[33mWARN: [33m[33mArkTS:WARN File: C:/Users/lneoo/Desktop/cltest/Anywhere/Anywhere_harmony/oh_modules/.ohpm/@luvi+lv-markdown-in@3.4.1/oh_modules/@luvi/lv-markdown-in/src/main/ets/enhance/controller/MarkdonwController.d.ets:273:64
 Type notation using "this" is not supported (arkts-no-typing-with-this)
[39m[39m
[33mWARN: [33m[33mArkTS:WARN File: C:/Users/lneoo/Desktop/cltest/Anywhere/Anywhere_harmony/oh_modules/.ohpm/@luvi+lv-markdown-in@3.4.1/oh_modules/@luvi/lv-markdown-in/src/main/ets/enhance/controller/MarkdonwController.d.ets:279:40
 Type notation using "this" is not supported (arkts-no-typing-with-this)
[39m[39m
[33mWARN: [33m[33mArkTS:WARN File: C:/Users/lneoo/Desktop/cltest/Anywhere/Anywhere_harmony/oh_modules/.ohpm/@luvi+lv-markdown-in@3.4.1/oh_modules/@luvi/lv-markdown-in/src/main/ets/enhance/controller/MarkdonwController.d.ets:285:41
 Type notation using "this" is not supported (arkts-no-typing-with-this)
[39m[39m
[33mWARN: [33m[33mArkTS:WARN File: C:/Users/lneoo/Desktop/cltest/Anywhere/Anywhere_harmony/oh_modules/.ohpm/@luvi+lv-markdown-in@3.4.1/oh_modules/@luvi/lv-markdown-in/src/main/ets/enhance/controller/MarkdonwController.d.ets:292:58
 Type notation using "this" is not supported (arkts-no-typing-with-this)
[39m[39m
[33mWARN: [33m[33mArkTS:WARN File: C:/Users/lneoo/Desktop/cltest/Anywhere/Anywhere_harmony/oh_modules/.ohpm/@luvi+lv-markdown-in@3.4.1/oh_modules/@luvi/lv-markdown-in/src/main/ets/enhance/controller/MarkdonwController.d.ets:298:43
 Type notation using "this" is not supported (arkts-no-typing-with-this)
[39m[39m
[33mWARN: [33m[33mArkTS:WARN File: C:/Users/lneoo/Desktop/cltest/Anywhere/Anywhere_harmony/oh_modules/.ohpm/@luvi+lv-markdown-in@3.4.1/oh_modules/@luvi/lv-markdown-in/src/main/ets/enhance/controller/MarkdonwController.d.ets:305:55
 Type notation using "this" is not supported (arkts-no-typing-with-this)
[39m[39m
[33mWARN: [33m[33mArkTS:WARN File: C:/Users/lneoo/Desktop/cltest/Anywhere/Anywhere_harmony/oh_modules/.ohpm/@luvi+lv-markdown-in@3.4.1/oh_modules/@luvi/lv-markdown-in/src/main/ets/enhance/controller/MarkdonwController.d.ets:311:54
 Type notation using "this" is not supported (arkts-no-typing-with-this)
[39m[39m
[33mWARN: [33m[33mArkTS:WARN File: C:/Users/lneoo/Desktop/cltest/Anywhere/Anywhere_harmony/oh_modules/.ohpm/@luvi+lv-markdown-in@3.4.1/oh_modules/@luvi/lv-markdown-in/src/main/ets/enhance/controller/MarkdonwController.d.ets:317:57
 Type notation using "this" is not supported (arkts-no-typing-with-this)
[39m[39m
[33mWARN: [33m[33mArkTS:WARN File: C:/Users/lneoo/Desktop/cltest/Anywhere/Anywhere_harmony/oh_modules/.ohpm/@luvi+lv-markdown-in@3.4.1/oh_modules/@luvi/lv-markdown-in/src/main/ets/enhance/controller/MarkdonwController.d.ets:323:55
 Type notation using "this" is not supported (arkts-no-typing-with-this)
[39m[39m
[33mWARN: [33m[33mArkTS:WARN File: C:/Users/lneoo/Desktop/cltest/Anywhere/Anywhere_harmony/oh_modules/.ohpm/@luvi+lv-markdown-in@3.4.1/oh_modules/@luvi/lv-markdown-in/src/main/ets/enhance/controller/MarkdonwController.d.ets:329:58
 Type notation using "this" is not supported (arkts-no-typing-with-this)
[39m[39m
[33mWARN: [33m[33mArkTS:WARN File: C:/Users/lneoo/Desktop/cltest/Anywhere/Anywhere_harmony/oh_modules/.ohpm/@luvi+lv-markdown-in@3.4.1/oh_modules/@luvi/lv-markdown-in/src/main/ets/enhance/controller/MarkdonwController.d.ets:336:54
 Type notation using "this" is not supported (arkts-no-typing-with-this)
[39m[39m
[33mWARN: [33m[33mArkTS:WARN File: C:/Users/lneoo/Desktop/cltest/Anywhere/Anywhere_harmony/oh_modules/.ohpm/@luvi+lv-markdown-in@3.4.1/oh_modules/@luvi/lv-markdown-in/src/main/ets/enhance/controller/MarkdonwController.d.ets:343:59
 Type notation using "this" is not supported (arkts-no-typing-with-this)
[39m[39m
[33mWARN: [33m[33mArkTS:WARN File: C:/Users/lneoo/Desktop/cltest/Anywhere/Anywhere_harmony/oh_modules/.ohpm/@luvi+lv-markdown-in@3.4.1/oh_modules/@luvi/lv-markdown-in/src/main/ets/enhance/controller/MarkdonwController.d.ets:350:54
 Type notation using "this" is not supported (arkts-no-typing-with-this)
[39m[39m
[33mWARN: [33m[33mArkTS:WARN File: C:/Users/lneoo/Desktop/cltest/Anywhere/Anywhere_harmony/oh_modules/.ohpm/@luvi+lv-markdown-in@3.4.1/oh_modules/@luvi/lv-markdown-in/src/main/ets/enhance/controller/MarkdonwController.d.ets:356:48
 Type notation using "this" is not supported (arkts-no-typing-with-this)
[39m[39m
[33mWARN: [33m[33mArkTS:WARN File: C:/Users/lneoo/Desktop/cltest/Anywhere/Anywhere_harmony/oh_modules/.ohpm/@luvi+lv-markdown-in@3.4.1/oh_modules/@luvi/lv-markdown-in/src/main/ets/enhance/controller/MarkdonwController.d.ets:363:54
 Type notation using "this" is not supported (arkts-no-typing-with-this)
[39m[39m
[33mWARN: [33m[33mArkTS:WARN File: C:/Users/lneoo/Desktop/cltest/Anywhere/Anywhere_harmony/oh_modules/.ohpm/@luvi+lv-markdown-in@3.4.1/oh_modules/@luvi/lv-markdown-in/src/main/ets/enhance/controller/MarkdonwController.d.ets:369:54
 Type notation using "this" is not supported (arkts-no-typing-with-this)
[39m[39m
[33mWARN: [33m[33mArkTS:WARN File: C:/Users/lneoo/Desktop/cltest/Anywhere/Anywhere_harmony/oh_modules/.ohpm/@luvi+lv-markdown-in@3.4.1/oh_modules/@luvi/lv-markdown-in/src/main/ets/enhance/controller/MarkdonwController.d.ets:375:51
 Type notation using "this" is not supported (arkts-no-typing-with-this)
[39m[39m
[33mWARN: [33m[33mArkTS:WARN File: C:/Users/lneoo/Desktop/cltest/Anywhere/Anywhere_harmony/oh_modules/.ohpm/@luvi+lv-markdown-in@3.4.1/oh_modules/@luvi/lv-markdown-in/src/main/ets/enhance/controller/MarkdonwController.d.ets:381:47
 Type notation using "this" is not supported (arkts-no-typing-with-this)
[39m[39m
[33mWARN: [33m[33mArkTS:WARN File: C:/Users/lneoo/Desktop/cltest/Anywhere/Anywhere_harmony/oh_modules/.ohpm/@luvi+lv-markdown-in@3.4.1/oh_modules/@luvi/lv-markdown-in/src/main/ets/enhance/controller/MarkdonwController.d.ets:388:121
 Type notation using "this" is not supported (arkts-no-typing-with-this)
[39m[39m
[33mWARN: [33m[33mArkTS:WARN File: C:/Users/lneoo/Desktop/cltest/Anywhere/Anywhere_harmony/oh_modules/.ohpm/@luvi+lv-markdown-in@3.4.1/oh_modules/@luvi/lv-markdown-in/src/main/ets/enhance/controller/MarkdonwController.d.ets:394:50
 Type notation using "this" is not supported (arkts-no-typing-with-this)
[39m[39m
[33mWARN: [33m[33mArkTS:WARN File: C:/Users/lneoo/Desktop/cltest/Anywhere/Anywhere_harmony/oh_modules/.ohpm/@luvi+lv-markdown-in@3.4.1/oh_modules/@luvi/lv-markdown-in/src/main/ets/enhance/controller/MarkdonwController.d.ets:400:55
 Type notation using "this" is not supported (arkts-no-typing-with-this)
[39m[39m
[33mWARN: [33m[33mArkTS:WARN File: C:/Users/lneoo/Desktop/cltest/Anywhere/Anywhere_harmony/oh_modules/.ohpm/@luvi+lv-markdown-in@3.4.1/oh_modules/@luvi/lv-markdown-in/src/main/ets/enhance/controller/MarkdonwController.d.ets:406:60
 Type notation using "this" is not supported (arkts-no-typing-with-this)
[39m[39m
[33mWARN: [33m[33mArkTS:WARN File: C:/Users/lneoo/Desktop/cltest/Anywhere/Anywhere_harmony/oh_modules/.ohpm/@luvi+lv-markdown-in@3.4.1/oh_modules/@luvi/lv-markdown-in/src/main/ets/enhance/controller/MarkdonwController.d.ets:413:54
 Type notation using "this" is not supported (arkts-no-typing-with-this)
[39m[39m
[33mWARN: [33m[33mArkTS:WARN File: C:/Users/lneoo/Desktop/cltest/Anywhere/Anywhere_harmony/oh_modules/.ohpm/@luvi+lv-markdown-in@3.4.1/oh_modules/@luvi/lv-markdown-in/src/main/ets/enhance/controller/MarkdonwController.d.ets:420:51
 Type notation using "this" is not supported (arkts-no-typing-with-this)
[39m[39m
[33mWARN: [33m[33mArkTS:WARN File: C:/Users/lneoo/Desktop/cltest/Anywhere/Anywhere_harmony/oh_modules/.ohpm/@luvi+lv-markdown-in@3.4.1/oh_modules/@luvi/lv-markdown-in/src/main/ets/enhance/controller/MarkdonwController.d.ets:427:58
 Type notation using "this" is not supported (arkts-no-typing-with-this)
[39m[39m
[33mWARN: [33m[33mArkTS:WARN File: C:/Users/lneoo/Desktop/cltest/Anywhere/Anywhere_harmony/oh_modules/.ohpm/@luvi+lv-markdown-in@3.4.1/oh_modules/@luvi/lv-markdown-in/src/main/ets/enhance/controller/MarkdonwController.d.ets:434:51
 Type notation using "this" is not supported (arkts-no-typing-with-this)
[39m[39m
[33mWARN: [33m[33mArkTS:WARN File: C:/Users/lneoo/Desktop/cltest/Anywhere/Anywhere_harmony/oh_modules/.ohpm/@luvi+lv-markdown-in@3.4.1/oh_modules/@luvi/lv-markdown-in/src/main/ets/enhance/controller/MarkdonwController.d.ets:441:58
 Type notation using "this" is not supported (arkts-no-typing-with-this)
[39m[39m
[33mWARN: [33m[33mArkTS:WARN File: C:/Users/lneoo/Desktop/cltest/Anywhere/Anywhere_harmony/oh_modules/.ohpm/@luvi+lv-markdown-in@3.4.1/oh_modules/@luvi/lv-markdown-in/src/main/ets/enhance/controller/MarkdonwController.d.ets:448:36
 Type notation using "this" is not supported (arkts-no-typing-with-this)
[39m[39m
[33mWARN: [33m[33mArkTS:WARN File: C:/Users/lneoo/Desktop/cltest/Anywhere/Anywhere_harmony/oh_modules/.ohpm/@luvi+lv-markdown-in@3.4.1/oh_modules/@luvi/lv-markdown-in/src/main/ets/enhance/controller/MarkdonwController.d.ets:454:47
 Type notation using "this" is not supported (arkts-no-typing-with-this)
[39m[39m
[33mWARN: [33m[33mArkTS:WARN File: C:/Users/lneoo/Desktop/cltest/Anywhere/Anywhere_harmony/oh_modules/.ohpm/@luvi+lv-markdown-in@3.4.1/oh_modules/@luvi/lv-markdown-in/src/main/ets/enhance/controller/MarkdonwController.d.ets:460:51
 Type notation using "this" is not supported (arkts-no-typing-with-this)
[39m[39m
[33mWARN: [33m[33mArkTS:WARN File: C:/Users/lneoo/Desktop/cltest/Anywhere/Anywhere_harmony/oh_modules/.ohpm/@luvi+lv-markdown-in@3.4.1/oh_modules/@luvi/lv-markdown-in/src/main/ets/enhance/controller/MarkdonwController.d.ets:467:48
 Type notation using "this" is not supported (arkts-no-typing-with-this)
[39m[39m
[33mWARN: [33m[33mArkTS:WARN File: C:/Users/lneoo/Desktop/cltest/Anywhere/Anywhere_harmony/oh_modules/.ohpm/@luvi+lv-markdown-in@3.4.1/oh_modules/@luvi/lv-markdown-in/src/main/ets/enhance/controller/MarkdonwController.d.ets:474:42
 Type notation using "this" is not supported (arkts-no-typing-with-this)
[39m[39m
[33mWARN: [33m[33mArkTS:WARN File: C:/Users/lneoo/Desktop/cltest/Anywhere/Anywhere_harmony/oh_modules/.ohpm/@luvi+lv-markdown-in@3.4.1/oh_modules/@luvi/lv-markdown-in/src/main/ets/enhance/controller/MarkdonwController.d.ets:480:47
 Type notation using "this" is not supported (arkts-no-typing-with-this)
[39m[39m
[33mWARN: [33m[33mArkTS:WARN File: C:/Users/lneoo/Desktop/cltest/Anywhere/Anywhere_harmony/oh_modules/.ohpm/@luvi+lv-markdown-in@3.4.1/oh_modules/@luvi/lv-markdown-in/src/main/ets/enhance/controller/MarkdonwController.d.ets:487:39
 Type notation using "this" is not supported (arkts-no-typing-with-this)
[39m[39m
[33mWARN: [33m[33mArkTS:WARN File: C:/Users/lneoo/Desktop/cltest/Anywhere/Anywhere_harmony/oh_modules/.ohpm/@luvi+lv-markdown-in@3.4.1/oh_modules/@luvi/lv-markdown-in/src/main/ets/enhance/controller/MarkdonwController.d.ets:494:40
 Type notation using "this" is not supported (arkts-no-typing-with-this)
[39m[39m
[33mWARN: [33m[33mArkTS:WARN File: C:/Users/lneoo/Desktop/cltest/Anywhere/Anywhere_harmony/oh_modules/.ohpm/@luvi+lv-markdown-in@3.4.1/oh_modules/@luvi/lv-markdown-in/src/main/ets/enhance/controller/MarkdonwController.d.ets:501:41
 Type notation using "this" is not supported (arkts-no-typing-with-this)
[39m[39m
[33mWARN: [33m[33mArkTS:WARN File: C:/Users/lneoo/Desktop/cltest/Anywhere/Anywhere_harmony/oh_modules/.ohpm/@luvi+lv-markdown-in@3.4.1/oh_modules/@luvi/lv-markdown-in/src/main/ets/enhance/controller/MarkdonwController.d.ets:508:86
 Type notation using "this" is not supported (arkts-no-typing-with-this)
[39m[39m
[33mWARN: [33m[33mArkTS:WARN File: C:/Users/lneoo/Desktop/cltest/Anywhere/Anywhere_harmony/oh_modules/.ohpm/@luvi+lv-markdown-in@3.4.1/oh_modules/@luvi/lv-markdown-in/src/main/ets/enhance/controller/MarkdonwController.d.ets:514:42
 Type notation using "this" is not supported (arkts-no-typing-with-this)
[39m[39m
[33mWARN: [33m[33mArkTS:WARN File: C:/Users/lneoo/Desktop/cltest/Anywhere/Anywhere_harmony/oh_modules/.ohpm/@luvi+lv-markdown-in@3.4.1/oh_modules/@luvi/lv-markdown-in/src/main/ets/enhance/controller/MarkdonwController.d.ets:530:43
 Type notation using "this" is not supported (arkts-no-typing-with-this)
[39m[39m
[33mWARN: [33m[33mArkTS:WARN File: C:/Users/lneoo/Desktop/cltest/Anywhere/Anywhere_harmony/oh_modules/.ohpm/@luvi+lv-markdown-in@3.4.1/oh_modules/@luvi/lv-markdown-in/src/main/ets/enhance/controller/MarkdonwController.d.ets:537:64
 Type notation using "this" is not supported (arkts-no-typing-with-this)
[39m[39m
[33mWARN: [33m[33mArkTS:WARN File: C:/Users/lneoo/Desktop/cltest/Anywhere/Anywhere_harmony/oh_modules/.ohpm/@luvi+lv-markdown-in@3.4.1/oh_modules/@luvi/lv-markdown-in/src/main/ets/enhance/controller/MarkdonwController.d.ets:2:1
 Switching off type checks with in-place comments is not allowed (arkts-strict-typing-required)
[39m[39m
[33mWARN: [33m[33mArkTS:WARN File: C:/Users/lneoo/Desktop/cltest/Anywhere/Anywhere_harmony/oh_modules/.ohpm/@luvi+lv-markdown-in@3.4.1/oh_modules/@luvi/lv-markdown-in/src/main/ets/enhance/model/TreeNode.d.ets:2:1
 Switching off type checks with in-place comments is not allowed (arkts-strict-typing-required)
[39m[39m
[33mWARN: [33m[33mArkTS:WARN File: C:/Users/lneoo/Desktop/cltest/Anywhere/Anywhere_harmony/oh_modules/.ohpm/@luvi+lv-markdown-in@3.4.1/oh_modules/@luvi/lv-markdown-in/src/main/ets/enhance/model/MarkdownPlugin.d.ets:2:1
 Switching off type checks with in-place comments is not allowed (arkts-strict-typing-required)
[39m[39m
[33mWARN: [33m[33mArkTS:WARN File: C:/Users/lneoo/Desktop/cltest/Anywhere/Anywhere_harmony/oh_modules/.ohpm/@luvi+lv-markdown-in@3.4.1/oh_modules/@luvi/lv-markdown-in/src/main/ets/enhance/model/MdCallback.d.ets:2:1
 Switching off type checks with in-place comments is not allowed (arkts-strict-typing-required)
[39m[39m
[33mWARN: [33m[33mArkTS:WARN File: C:/Users/lneoo/Desktop/cltest/Anywhere/Anywhere_harmony/oh_modules/.ohpm/@luvi+lv-markdown-in@3.4.1/oh_modules/@luvi/lv-markdown-in/src/main/ets/enhance/index.d.ets:2:1
 Switching off type checks with in-place comments is not allowed (arkts-strict-typing-required)
[39m[39m
[33mWARN: [33m[33mArkTS:WARN File: C:/Users/lneoo/Desktop/cltest/Anywhere/Anywhere_harmony/oh_modules/.ohpm/@luvi+lv-markdown-in@3.4.1/oh_modules/@luvi/lv-markdown-in/Index.d.ets:2:1
 Switching off type checks with in-place comments is not allowed (arkts-strict-typing-required)
[39m[39m
[33mWARN: [33m[33mArkTS:WARN: For details about ArkTS syntax errors, see FAQs[39m[39m
[33mWARN: [33m[33mArkTS:WARN File: C:/Users/lneoo/Desktop/cltest/Anywhere/Anywhere_harmony/entry/src/main/ets/services/StorageService.ets:36:11
 Function may throw exceptions. Special handling is required.
[39m[39m
[33mWARN: [33m[33mArkTS:WARN File: C:/Users/lneoo/Desktop/cltest/Anywhere/Anywhere_harmony/entry/src/main/ets/services/StorageService.ets:37:11
 Function may throw exceptions. Special handling is required.
[39m[39m
[33mWARN: [33m[33mArkTS:WARN File: C:/Users/lneoo/Desktop/cltest/Anywhere/Anywhere_harmony/entry/src/main/ets/services/StorageService.ets:42:18
 Function may throw exceptions. Special handling is required.
[39m[39m
[33mWARN: [33m[33mArkTS:WARN File: C:/Users/lneoo/Desktop/cltest/Anywhere/Anywhere_harmony/entry/src/main/ets/services/StorageService.ets:47:11
 Function may throw exceptions. Special handling is required.
[39m[39m
[33mWARN: [33m[33mArkTS:WARN File: C:/Users/lneoo/Desktop/cltest/Anywhere/Anywhere_harmony/entry/src/main/ets/services/StorageService.ets:48:11
 Function may throw exceptions. Special handling is required.
[39m[39m
[33mWARN: [33m[33mArkTS:WARN File: C:/Users/lneoo/Desktop/cltest/Anywhere/Anywhere_harmony/entry/src/main/ets/services/StorageService.ets:53:21
 Function may throw exceptions. Special handling is required.
[39m[39m
[33mWARN: [33m[33mArkTS:WARN File: C:/Users/lneoo/Desktop/cltest/Anywhere/Anywhere_harmony/entry/src/main/ets/services/StorageService.ets:63:11
 Function may throw exceptions. Special handling is required.
[39m[39m
[33mWARN: [33m[33mArkTS:WARN File: C:/Users/lneoo/Desktop/cltest/Anywhere/Anywhere_harmony/entry/src/main/ets/services/StorageService.ets:64:11
 Function may throw exceptions. Special handling is required.
[39m[39m
[33mWARN: [33m[33mArkTS:WARN File: C:/Users/lneoo/Desktop/cltest/Anywhere/Anywhere_harmony/entry/src/main/ets/services/StorageService.ets:69:21
 Function may throw exceptions. Special handling is required.
[39m[39m
[33mWARN: [33m[33mArkTS:WARN File: C:/Users/lneoo/Desktop/cltest/Anywhere/Anywhere_harmony/entry/src/main/ets/common/websocket/WSClient.ets:191:20
 The system capacity of this api 'backgroundTaskManager' is not supported on all devices
[39m[39m
[33mWARN: [33m[33mArkTS:WARN File: C:/Users/lneoo/Desktop/cltest/Anywhere/Anywhere_harmony/entry/src/main/ets/common/websocket/WSClient.ets:203:9
 The system capacity of this api 'backgroundTaskManager' is not supported on all devices
[39m[39m
[33mWARN: [33m[33mArkTS:WARN File: C:/Users/lneoo/Desktop/cltest/Anywhere/Anywhere_harmony/entry/src/main/ets/common/ui/MessageCard.ets:94:5
 Function may throw exceptions. Special handling is required.
[39m[39m
[33mWARN: [33m[33mArkTS:WARN File: C:/Users/lneoo/Desktop/cltest/Anywhere/Anywhere_harmony/entry/src/main/ets/common/ui/MessageCard.ets:95:45
 The 'openToast' API is supported since SDK version 18. However, the current compatible SDK version is 5.0.0(12).
[39m[39m
[33mWARN: [33m[33mArkTS:WARN File: C:/Users/lneoo/Desktop/cltest/Anywhere/Anywhere_harmony/entry/src/main/ets/feature/chat/ChatInputBar.ets:90:56
 'getContext' has been deprecated.
[39m[39m
[33mWARN: [33m[33mArkTS:WARN File: C:/Users/lneoo/Desktop/cltest/Anywhere/Anywhere_harmony/entry/src/main/ets/feature/chat/ChatInputBar.ets:271:14
 The 'minLines' API is supported since SDK version 20. However, the current compatible SDK version is 5.0.0(12).
[39m[39m
[33mWARN: [33m[33mArkTS:WARN File: C:/Users/lneoo/Desktop/cltest/Anywhere/Anywhere_harmony/entry/src/main/ets/feature/onboarding/OnboardingView.ets:209:9
 'animateTo' has been deprecated.
[39m[39m
[33mWARN: [33m[33mArkTS:WARN File: C:/Users/lneoo/Desktop/cltest/Anywhere/Anywhere_harmony/entry/src/main/ets/feature/onboarding/OnboardingView.ets:279:21
 'getContext' has been deprecated.
[39m[39m
[33mWARN: [33mArkTS:WARN File: C:/Users/lneoo/Desktop/cltest/Anywhere/Anywhere_harmony/entry/src/main/ets/pages/Index.ets:14:1
 It's not a recommended way to export struct with '@Entry' decorator, which may cause ACE Engine error in component preview mode.[39m[39m
[33mWARN: [33m[33m[39m [33mArkTS:WARN Property 'sourceMapsPath' not found in '@luvi/lv-markdown-in'.[39m [33m[39m[39m[39m
[33mWARN: [33m[33m[39m [33mArkTS:WARN Property 'sourceMapsPath' not found in '@cangjie-tpc/formula_hybrid'.[39m [33m[39m[39m[39m
[39m
> hvigor [32mFinished :entry:default@CompileArkTS... after 14 s 727 ms [39m
> hvigor [32mUP-TO-DATE :entry:default@GeneratePkgModuleJson...  [39m
> hvigor [32mFinished :entry:default@ProcessCompiledResources... after 2 ms [39m
> hvigor [32mFinished :entry:default@PackageHap... after 3 s 356 ms [39m
> hvigor [32mFinished :entry:default@PackingCheck... after 21 ms [39m
> hvigor [32mFinished :entry:default@SignHap... after 4 s 622 ms [39m
> hvigor [32mFinished :entry:default@CollectDebugSymbol... after 3 ms [39m
> hvigor [32mFinished :entry:assembleHap... after 1 ms [39m
> hvigor [32mBUILD SUCCESSFUL in 29 s 348 ms [39m
