> hvigor [33mWARN: hvigor client: Failed to find or create an available daemon. Build will be executed in no-daemon mode.[39m
> hvigor [32mUP-TO-DATE :entry:default@PreBuild...  [39m
> hvigor [32mFinished :entry:default@CreateModuleInfo... after 3 ms [39m
> hvigor [32mUP-TO-DATE :entry:default@GenerateMetadata...  [39m
> hvigor [32mFinished :entry:default@ConfigureCmake... after 1 ms [39m
> hvigor [32mUP-TO-DATE :entry:default@MergeProfile...  [39m
> hvigor [32mUP-TO-DATE :entry:default@CreateBuildProfile...  [39m
> hvigor [32mFinished :entry:default@PreCheckSyscap... after 1 ms [39m
> hvigor [32mUP-TO-DATE :entry:default@GeneratePkgContextInfo...  [39m
> hvigor [32mFinished :entry:default@ProcessIntegratedHsp... after 2 ms [39m
> hvigor [32mFinished :entry:default@BuildNativeWithCmake... after 1 ms [39m
> hvigor [32mUP-TO-DATE :entry:default@MakePackInfo...  [39m
> hvigor [32mFinished :entry:default@SyscapTransform... after 27 ms [39m
> hvigor [32mUP-TO-DATE :entry:default@ProcessProfile...  [39m
> hvigor [32mUP-TO-DATE :entry:default@ProcessRouterMap...  [39m
> hvigor [32mUP-TO-DATE :entry:default@ProcessShareConfig...  [39m
> hvigor [32mFinished :entry:default@ProcessStartupConfig... after 17 ms [39m
> hvigor [32mFinished :entry:default@BuildNativeWithNinja... after 2 ms [39m
> hvigor [32mUP-TO-DATE :entry:default@ProcessResource...  [39m
> hvigor [32mUP-TO-DATE :entry:default@GenerateLoaderJson...  [39m
> hvigor [32mUP-TO-DATE :entry:default@ProcessLibs...  [39m
> hvigor [32mUP-TO-DATE :entry:default@CompileResource...  [39m
> hvigor [32mUP-TO-DATE :entry:default@DoNativeStrip...  [39m
> hvigor [32mFinished :entry:default@BuildJS... after 11 ms [39m
> hvigor [32mUP-TO-DATE :entry:default@CacheNativeLibs...  [39m
> hvigor [91mERROR: Failed :entry:default@CompileArkTS... [39m
> hvigor [33mWARN: 
[33m1 WARN: [33m[33mArkTS:WARN File: C:/Users/lneoo/Desktop/cltest/Anywhere/Anywhere_harmony/oh_modules/.ohpm/@luvi+lv-markdown-in@3.4.1/oh_modules/@luvi/lv-markdown-in/src/main/ets/lv-markdown-in/lib/utils/controller/lvFootnoteController.d.ets:2:1
 Switching off type checks with in-place comments is not allowed (arkts-strict-typing-required)
[39m[39m
[33m2 WARN: [33m[33mArkTS:WARN File: C:/Users/lneoo/Desktop/cltest/Anywhere/Anywhere_harmony/oh_modules/.ohpm/@luvi+lv-markdown-in@3.4.1/oh_modules/@luvi/lv-markdown-in/src/main/ets/lv-markdown-in/lib/Index.d.ets:2:1
 Switching off type checks with in-place comments is not allowed (arkts-strict-typing-required)
[39m[39m
[33m3 WARN: [33m[33mArkTS:WARN File: C:/Users/lneoo/Desktop/cltest/Anywhere/Anywhere_harmony/oh_modules/.ohpm/@luvi+lv-markdown-in@3.4.1/oh_modules/@luvi/lv-markdown-in/src/main/ets/lv-markdown-in/lib/domain/LvTitle.d.ets:2:1
 Switching off type checks with in-place comments is not allowed (arkts-strict-typing-required)
[39m[39m
[33m4 WARN: [33m[33mArkTS:WARN File: C:/Users/lneoo/Desktop/cltest/Anywhere/Anywhere_harmony/oh_modules/.ohpm/@luvi+lv-markdown-in@3.4.1/oh_modules/@luvi/lv-markdown-in/src/main/ets/lv-markdown-in/lib/domain/LvText.d.ets:2:1
 Switching off type checks with in-place comments is not allowed (arkts-strict-typing-required)
[39m[39m
[33m5 WARN: [33m[33mArkTS:WARN File: C:/Users/lneoo/Desktop/cltest/Anywhere/Anywhere_harmony/oh_modules/.ohpm/@luvi+lv-markdown-in@3.4.1/oh_modules/@luvi/lv-markdown-in/src/main/ets/lv-markdown-in/lib/domain/LvCode.d.ets:2:1
 Switching off type checks with in-place comments is not allowed (arkts-strict-typing-required)
[39m[39m
[33m6 WARN: [33m[33mArkTS:WARN File: C:/Users/lneoo/Desktop/cltest/Anywhere/Anywhere_harmony/oh_modules/.ohpm/@luvi+lv-markdown-in@3.4.1/oh_modules/@luvi/lv-markdown-in/src/main/ets/lv-markdown-in/lib/domain/LvLink.d.ets:2:1
 Switching off type checks with in-place comments is not allowed (arkts-strict-typing-required)
[39m[39m
[33m7 WARN: [33m[33mArkTS:WARN File: C:/Users/lneoo/Desktop/cltest/Anywhere/Anywhere_harmony/oh_modules/.ohpm/@luvi+lv-markdown-in@3.4.1/oh_modules/@luvi/lv-markdown-in/src/main/ets/lv-markdown-in/lib/domain/LvQuote.d.ets:2:1
 Switching off type checks with in-place comments is not allowed (arkts-strict-typing-required)
[39m[39m
[33m8 WARN: [33m[33mArkTS:WARN File: C:/Users/lneoo/Desktop/cltest/Anywhere/Anywhere_harmony/oh_modules/.ohpm/@luvi+lv-markdown-in@3.4.1/oh_modules/@luvi/lv-markdown-in/src/main/ets/lv-markdown-in/lib/domain/LvImage.d.ets:2:1
 Switching off type checks with in-place comments is not allowed (arkts-strict-typing-required)
[39m[39m
[33m9 WARN: [33m[33mArkTS:WARN File: C:/Users/lneoo/Desktop/cltest/Anywhere/Anywhere_harmony/oh_modules/.ohpm/@luvi+lv-markdown-in@3.4.1/oh_modules/@luvi/lv-markdown-in/src/main/ets/lv-markdown-in/lib/utils/common/index.d.ets:2:1
 Switching off type checks with in-place comments is not allowed (arkts-strict-typing-required)
[39m[39m
[33m10 WARN: [33m[33mArkTS:WARN File: C:/Users/lneoo/Desktop/cltest/Anywhere/Anywhere_harmony/oh_modules/.ohpm/@luvi+lv-markdown-in@3.4.1/oh_modules/@luvi/lv-markdown-in/src/main/ets/enhance/constant/CodeTheme.d.ets:2:1
 Switching off type checks with in-place comments is not allowed (arkts-strict-typing-required)
[39m[39m
[33m11 WARN: [33m[33mArkTS:WARN File: C:/Users/lneoo/Desktop/cltest/Anywhere/Anywhere_harmony/oh_modules/.ohpm/@luvi+lv-markdown-in@3.4.1/oh_modules/@luvi/lv-markdown-in/src/main/ets/enhance/model/CodeHighlight.d.ets:2:1
 Switching off type checks with in-place comments is not allowed (arkts-strict-typing-required)
[39m[39m
[33m12 WARN: [33m[33mArkTS:WARN File: C:/Users/lneoo/Desktop/cltest/Anywhere/Anywhere_harmony/oh_modules/.ohpm/@luvi+lv-markdown-in@3.4.1/oh_modules/@luvi/lv-markdown-in/src/main/ets/enhance/controller/MarkdonwController.d.ets:86:9
 Type notation using "this" is not supported (arkts-no-typing-with-this)
[39m[39m
[33m13 WARN: [33m[33mArkTS:WARN File: C:/Users/lneoo/Desktop/cltest/Anywhere/Anywhere_harmony/oh_modules/.ohpm/@luvi+lv-markdown-in@3.4.1/oh_modules/@luvi/lv-markdown-in/src/main/ets/enhance/controller/MarkdonwController.d.ets:106:9
 Type notation using "this" is not supported (arkts-no-typing-with-this)
[39m[39m
[33m14 WARN: [33m[33mArkTS:WARN File: C:/Users/lneoo/Desktop/cltest/Anywhere/Anywhere_harmony/oh_modules/.ohpm/@luvi+lv-markdown-in@3.4.1/oh_modules/@luvi/lv-markdown-in/src/main/ets/enhance/controller/MarkdonwController.d.ets:126:9
 Type notation using "this" is not supported (arkts-no-typing-with-this)
[39m[39m
[33m15 WARN: [33m[33mArkTS:WARN File: C:/Users/lneoo/Desktop/cltest/Anywhere/Anywhere_harmony/oh_modules/.ohpm/@luvi+lv-markdown-in@3.4.1/oh_modules/@luvi/lv-markdown-in/src/main/ets/enhance/controller/MarkdonwController.d.ets:147:9
 Type notation using "this" is not supported (arkts-no-typing-with-this)
[39m[39m
[33m16 WARN: [33m[33mArkTS:WARN File: C:/Users/lneoo/Desktop/cltest/Anywhere/Anywhere_harmony/oh_modules/.ohpm/@luvi+lv-markdown-in@3.4.1/oh_modules/@luvi/lv-markdown-in/src/main/ets/enhance/controller/MarkdonwController.d.ets:168:9
 Type notation using "this" is not supported (arkts-no-typing-with-this)
[39m[39m
[33m17 WARN: [33m[33mArkTS:WARN File: C:/Users/lneoo/Desktop/cltest/Anywhere/Anywhere_harmony/oh_modules/.ohpm/@luvi+lv-markdown-in@3.4.1/oh_modules/@luvi/lv-markdown-in/src/main/ets/enhance/controller/MarkdonwController.d.ets:190:9
 Type notation using "this" is not supported (arkts-no-typing-with-this)
[39m[39m
[33m18 WARN: [33m[33mArkTS:WARN File: C:/Users/lneoo/Desktop/cltest/Anywhere/Anywhere_harmony/oh_modules/.ohpm/@luvi+lv-markdown-in@3.4.1/oh_modules/@luvi/lv-markdown-in/src/main/ets/enhance/controller/MarkdonwController.d.ets:203:39
 Type notation using "this" is not supported (arkts-no-typing-with-this)
[39m[39m
[33m19 WARN: [33m[33mArkTS:WARN File: C:/Users/lneoo/Desktop/cltest/Anywhere/Anywhere_harmony/oh_modules/.ohpm/@luvi+lv-markdown-in@3.4.1/oh_modules/@luvi/lv-markdown-in/src/main/ets/enhance/controller/MarkdonwController.d.ets:209:51
 Type notation using "this" is not supported (arkts-no-typing-with-this)
[39m[39m
[33m20 WARN: [33m[33mArkTS:WARN File: C:/Users/lneoo/Desktop/cltest/Anywhere/Anywhere_harmony/oh_modules/.ohpm/@luvi+lv-markdown-in@3.4.1/oh_modules/@luvi/lv-markdown-in/src/main/ets/enhance/controller/MarkdonwController.d.ets:215:45
 Type notation using "this" is not supported (arkts-no-typing-with-this)
[39m[39m
[33m21 WARN: [33m[33mArkTS:WARN File: C:/Users/lneoo/Desktop/cltest/Anywhere/Anywhere_harmony/oh_modules/.ohpm/@luvi+lv-markdown-in@3.4.1/oh_modules/@luvi/lv-markdown-in/src/main/ets/enhance/controller/MarkdonwController.d.ets:221:42
 Type notation using "this" is not supported (arkts-no-typing-with-this)
[39m[39m
[33m22 WARN: [33m[33mArkTS:WARN File: C:/Users/lneoo/Desktop/cltest/Anywhere/Anywhere_harmony/oh_modules/.ohpm/@luvi+lv-markdown-in@3.4.1/oh_modules/@luvi/lv-markdown-in/src/main/ets/enhance/controller/MarkdonwController.d.ets:227:45
 Type notation using "this" is not supported (arkts-no-typing-with-this)
[39m[39m
[33m23 WARN: [33m[33mArkTS:WARN File: C:/Users/lneoo/Desktop/cltest/Anywhere/Anywhere_harmony/oh_modules/.ohpm/@luvi+lv-markdown-in@3.4.1/oh_modules/@luvi/lv-markdown-in/src/main/ets/enhance/controller/MarkdonwController.d.ets:233:55
 Type notation using "this" is not supported (arkts-no-typing-with-this)
[39m[39m
[33m24 WARN: [33m[33mArkTS:WARN File: C:/Users/lneoo/Desktop/cltest/Anywhere/Anywhere_harmony/oh_modules/.ohpm/@luvi+lv-markdown-in@3.4.1/oh_modules/@luvi/lv-markdown-in/src/main/ets/enhance/controller/MarkdonwController.d.ets:239:52
 Type notation using "this" is not supported (arkts-no-typing-with-this)
[39m[39m
[33m25 WARN: [33m[33mArkTS:WARN File: C:/Users/lneoo/Desktop/cltest/Anywhere/Anywhere_harmony/oh_modules/.ohpm/@luvi+lv-markdown-in@3.4.1/oh_modules/@luvi/lv-markdown-in/src/main/ets/enhance/controller/MarkdonwController.d.ets:246:46
 Type notation using "this" is not supported (arkts-no-typing-with-this)
[39m[39m
[33m26 WARN: [33m[33mArkTS:WARN File: C:/Users/lneoo/Desktop/cltest/Anywhere/Anywhere_harmony/oh_modules/.ohpm/@luvi+lv-markdown-in@3.4.1/oh_modules/@luvi/lv-markdown-in/src/main/ets/enhance/controller/MarkdonwController.d.ets:252:50
 Type notation using "this" is not supported (arkts-no-typing-with-this)
[39m[39m
[33m27 WARN: [33m[33mArkTS:WARN File: C:/Users/lneoo/Desktop/cltest/Anywhere/Anywhere_harmony/oh_modules/.ohpm/@luvi+lv-markdown-in@3.4.1/oh_modules/@luvi/lv-markdown-in/src/main/ets/enhance/controller/MarkdonwController.d.ets:259:54
 Type notation using "this" is not supported (arkts-no-typing-with-this)
[39m[39m
[33m28 WARN: [33m[33mArkTS:WARN File: C:/Users/lneoo/Desktop/cltest/Anywhere/Anywhere_harmony/oh_modules/.ohpm/@luvi+lv-markdown-in@3.4.1/oh_modules/@luvi/lv-markdown-in/src/main/ets/enhance/controller/MarkdonwController.d.ets:266:53
 Type notation using "this" is not supported (arkts-no-typing-with-this)
[39m[39m
[33m29 WARN: [33m[33mArkTS:WARN File: C:/Users/lneoo/Desktop/cltest/Anywhere/Anywhere_harmony/oh_modules/.ohpm/@luvi+lv-markdown-in@3.4.1/oh_modules/@luvi/lv-markdown-in/src/main/ets/enhance/controller/MarkdonwController.d.ets:273:64
 Type notation using "this" is not supported (arkts-no-typing-with-this)
[39m[39m
[33m30 WARN: [33m[33mArkTS:WARN File: C:/Users/lneoo/Desktop/cltest/Anywhere/Anywhere_harmony/oh_modules/.ohpm/@luvi+lv-markdown-in@3.4.1/oh_modules/@luvi/lv-markdown-in/src/main/ets/enhance/controller/MarkdonwController.d.ets:279:40
 Type notation using "this" is not supported (arkts-no-typing-with-this)
[39m[39m
[33m31 WARN: [33m[33mArkTS:WARN File: C:/Users/lneoo/Desktop/cltest/Anywhere/Anywhere_harmony/oh_modules/.ohpm/@luvi+lv-markdown-in@3.4.1/oh_modules/@luvi/lv-markdown-in/src/main/ets/enhance/controller/MarkdonwController.d.ets:285:41
 Type notation using "this" is not supported (arkts-no-typing-with-this)
[39m[39m
[33m32 WARN: [33m[33mArkTS:WARN File: C:/Users/lneoo/Desktop/cltest/Anywhere/Anywhere_harmony/oh_modules/.ohpm/@luvi+lv-markdown-in@3.4.1/oh_modules/@luvi/lv-markdown-in/src/main/ets/enhance/controller/MarkdonwController.d.ets:292:58
 Type notation using "this" is not supported (arkts-no-typing-with-this)
[39m[39m
[33m33 WARN: [33m[33mArkTS:WARN File: C:/Users/lneoo/Desktop/cltest/Anywhere/Anywhere_harmony/oh_modules/.ohpm/@luvi+lv-markdown-in@3.4.1/oh_modules/@luvi/lv-markdown-in/src/main/ets/enhance/controller/MarkdonwController.d.ets:298:43
 Type notation using "this" is not supported (arkts-no-typing-with-this)
[39m[39m
[33m34 WARN: [33m[33mArkTS:WARN File: C:/Users/lneoo/Desktop/cltest/Anywhere/Anywhere_harmony/oh_modules/.ohpm/@luvi+lv-markdown-in@3.4.1/oh_modules/@luvi/lv-markdown-in/src/main/ets/enhance/controller/MarkdonwController.d.ets:305:55
 Type notation using "this" is not supported (arkts-no-typing-with-this)
[39m[39m
[33m35 WARN: [33m[33mArkTS:WARN File: C:/Users/lneoo/Desktop/cltest/Anywhere/Anywhere_harmony/oh_modules/.ohpm/@luvi+lv-markdown-in@3.4.1/oh_modules/@luvi/lv-markdown-in/src/main/ets/enhance/controller/MarkdonwController.d.ets:311:54
 Type notation using "this" is not supported (arkts-no-typing-with-this)
[39m[39m
[33m36 WARN: [33m[33mArkTS:WARN File: C:/Users/lneoo/Desktop/cltest/Anywhere/Anywhere_harmony/oh_modules/.ohpm/@luvi+lv-markdown-in@3.4.1/oh_modules/@luvi/lv-markdown-in/src/main/ets/enhance/controller/MarkdonwController.d.ets:317:57
 Type notation using "this" is not supported (arkts-no-typing-with-this)
[39m[39m
[33m37 WARN: [33m[33mArkTS:WARN File: C:/Users/lneoo/Desktop/cltest/Anywhere/Anywhere_harmony/oh_modules/.ohpm/@luvi+lv-markdown-in@3.4.1/oh_modules/@luvi/lv-markdown-in/src/main/ets/enhance/controller/MarkdonwController.d.ets:323:55
 Type notation using "this" is not supported (arkts-no-typing-with-this)
[39m[39m
[33m38 WARN: [33m[33mArkTS:WARN File: C:/Users/lneoo/Desktop/cltest/Anywhere/Anywhere_harmony/oh_modules/.ohpm/@luvi+lv-markdown-in@3.4.1/oh_modules/@luvi/lv-markdown-in/src/main/ets/enhance/controller/MarkdonwController.d.ets:329:58
 Type notation using "this" is not supported (arkts-no-typing-with-this)
[39m[39m
[33m39 WARN: [33m[33mArkTS:WARN File: C:/Users/lneoo/Desktop/cltest/Anywhere/Anywhere_harmony/oh_modules/.ohpm/@luvi+lv-markdown-in@3.4.1/oh_modules/@luvi/lv-markdown-in/src/main/ets/enhance/controller/MarkdonwController.d.ets:336:54
 Type notation using "this" is not supported (arkts-no-typing-with-this)
[39m[39m
[33m40 WARN: [33m[33mArkTS:WARN File: C:/Users/lneoo/Desktop/cltest/Anywhere/Anywhere_harmony/oh_modules/.ohpm/@luvi+lv-markdown-in@3.4.1/oh_modules/@luvi/lv-markdown-in/src/main/ets/enhance/controller/MarkdonwController.d.ets:343:59
 Type notation using "this" is not supported (arkts-no-typing-with-this)
[39m[39m
[33m41 WARN: [33m[33mArkTS:WARN File: C:/Users/lneoo/Desktop/cltest/Anywhere/Anywhere_harmony/oh_modules/.ohpm/@luvi+lv-markdown-in@3.4.1/oh_modules/@luvi/lv-markdown-in/src/main/ets/enhance/controller/MarkdonwController.d.ets:350:54
 Type notation using "this" is not supported (arkts-no-typing-with-this)
[39m[39m
[33m42 WARN: [33m[33mArkTS:WARN File: C:/Users/lneoo/Desktop/cltest/Anywhere/Anywhere_harmony/oh_modules/.ohpm/@luvi+lv-markdown-in@3.4.1/oh_modules/@luvi/lv-markdown-in/src/main/ets/enhance/controller/MarkdonwController.d.ets:356:48
 Type notation using "this" is not supported (arkts-no-typing-with-this)
[39m[39m
[33m43 WARN: [33m[33mArkTS:WARN File: C:/Users/lneoo/Desktop/cltest/Anywhere/Anywhere_harmony/oh_modules/.ohpm/@luvi+lv-markdown-in@3.4.1/oh_modules/@luvi/lv-markdown-in/src/main/ets/enhance/controller/MarkdonwController.d.ets:363:54
 Type notation using "this" is not supported (arkts-no-typing-with-this)
[39m[39m
[33m44 WARN: [33m[33mArkTS:WARN File: C:/Users/lneoo/Desktop/cltest/Anywhere/Anywhere_harmony/oh_modules/.ohpm/@luvi+lv-markdown-in@3.4.1/oh_modules/@luvi/lv-markdown-in/src/main/ets/enhance/controller/MarkdonwController.d.ets:369:54
 Type notation using "this" is not supported (arkts-no-typing-with-this)
[39m[39m
[33m45 WARN: [33m[33mArkTS:WARN File: C:/Users/lneoo/Desktop/cltest/Anywhere/Anywhere_harmony/oh_modules/.ohpm/@luvi+lv-markdown-in@3.4.1/oh_modules/@luvi/lv-markdown-in/src/main/ets/enhance/controller/MarkdonwController.d.ets:375:51
 Type notation using "this" is not supported (arkts-no-typing-with-this)
[39m[39m
[33m46 WARN: [33m[33mArkTS:WARN File: C:/Users/lneoo/Desktop/cltest/Anywhere/Anywhere_harmony/oh_modules/.ohpm/@luvi+lv-markdown-in@3.4.1/oh_modules/@luvi/lv-markdown-in/src/main/ets/enhance/controller/MarkdonwController.d.ets:381:47
 Type notation using "this" is not supported (arkts-no-typing-with-this)
[39m[39m
[33m47 WARN: [33m[33mArkTS:WARN File: C:/Users/lneoo/Desktop/cltest/Anywhere/Anywhere_harmony/oh_modules/.ohpm/@luvi+lv-markdown-in@3.4.1/oh_modules/@luvi/lv-markdown-in/src/main/ets/enhance/controller/MarkdonwController.d.ets:388:121
 Type notation using "this" is not supported (arkts-no-typing-with-this)
[39m[39m
[33m48 WARN: [33m[33mArkTS:WARN File: C:/Users/lneoo/Desktop/cltest/Anywhere/Anywhere_harmony/oh_modules/.ohpm/@luvi+lv-markdown-in@3.4.1/oh_modules/@luvi/lv-markdown-in/src/main/ets/enhance/controller/MarkdonwController.d.ets:394:50
 Type notation using "this" is not supported (arkts-no-typing-with-this)
[39m[39m
[33m49 WARN: [33m[33mArkTS:WARN File: C:/Users/lneoo/Desktop/cltest/Anywhere/Anywhere_harmony/oh_modules/.ohpm/@luvi+lv-markdown-in@3.4.1/oh_modules/@luvi/lv-markdown-in/src/main/ets/enhance/controller/MarkdonwController.d.ets:400:55
 Type notation using "this" is not supported (arkts-no-typing-with-this)
[39m[39m
[33m50 WARN: [33m[33mArkTS:WARN File: C:/Users/lneoo/Desktop/cltest/Anywhere/Anywhere_harmony/oh_modules/.ohpm/@luvi+lv-markdown-in@3.4.1/oh_modules/@luvi/lv-markdown-in/src/main/ets/enhance/controller/MarkdonwController.d.ets:406:60
 Type notation using "this" is not supported (arkts-no-typing-with-this)
[39m[39m
[33m51 WARN: [33m[33mArkTS:WARN File: C:/Users/lneoo/Desktop/cltest/Anywhere/Anywhere_harmony/oh_modules/.ohpm/@luvi+lv-markdown-in@3.4.1/oh_modules/@luvi/lv-markdown-in/src/main/ets/enhance/controller/MarkdonwController.d.ets:413:54
 Type notation using "this" is not supported (arkts-no-typing-with-this)
[39m[39m
[33m52 WARN: [33m[33mArkTS:WARN File: C:/Users/lneoo/Desktop/cltest/Anywhere/Anywhere_harmony/oh_modules/.ohpm/@luvi+lv-markdown-in@3.4.1/oh_modules/@luvi/lv-markdown-in/src/main/ets/enhance/controller/MarkdonwController.d.ets:420:51
 Type notation using "this" is not supported (arkts-no-typing-with-this)
[39m[39m
[33m53 WARN: [33m[33mArkTS:WARN File: C:/Users/lneoo/Desktop/cltest/Anywhere/Anywhere_harmony/oh_modules/.ohpm/@luvi+lv-markdown-in@3.4.1/oh_modules/@luvi/lv-markdown-in/src/main/ets/enhance/controller/MarkdonwController.d.ets:427:58
 Type notation using "this" is not supported (arkts-no-typing-with-this)
[39m[39m
[33m54 WARN: [33m[33mArkTS:WARN File: C:/Users/lneoo/Desktop/cltest/Anywhere/Anywhere_harmony/oh_modules/.ohpm/@luvi+lv-markdown-in@3.4.1/oh_modules/@luvi/lv-markdown-in/src/main/ets/enhance/controller/MarkdonwController.d.ets:434:51
 Type notation using "this" is not supported (arkts-no-typing-with-this)
[39m[39m
[33m55 WARN: [33m[33mArkTS:WARN File: C:/Users/lneoo/Desktop/cltest/Anywhere/Anywhere_harmony/oh_modules/.ohpm/@luvi+lv-markdown-in@3.4.1/oh_modules/@luvi/lv-markdown-in/src/main/ets/enhance/controller/MarkdonwController.d.ets:441:58
 Type notation using "this" is not supported (arkts-no-typing-with-this)
[39m[39m
[33m56 WARN: [33m[33mArkTS:WARN File: C:/Users/lneoo/Desktop/cltest/Anywhere/Anywhere_harmony/oh_modules/.ohpm/@luvi+lv-markdown-in@3.4.1/oh_modules/@luvi/lv-markdown-in/src/main/ets/enhance/controller/MarkdonwController.d.ets:448:36
 Type notation using "this" is not supported (arkts-no-typing-with-this)
[39m[39m
[33m57 WARN: [33m[33mArkTS:WARN File: C:/Users/lneoo/Desktop/cltest/Anywhere/Anywhere_harmony/oh_modules/.ohpm/@luvi+lv-markdown-in@3.4.1/oh_modules/@luvi/lv-markdown-in/src/main/ets/enhance/controller/MarkdonwController.d.ets:454:47
 Type notation using "this" is not supported (arkts-no-typing-with-this)
[39m[39m
[33m58 WARN: [33m[33mArkTS:WARN File: C:/Users/lneoo/Desktop/cltest/Anywhere/Anywhere_harmony/oh_modules/.ohpm/@luvi+lv-markdown-in@3.4.1/oh_modules/@luvi/lv-markdown-in/src/main/ets/enhance/controller/MarkdonwController.d.ets:460:51
 Type notation using "this" is not supported (arkts-no-typing-with-this)
[39m[39m
[33m59 WARN: [33m[33mArkTS:WARN File: C:/Users/lneoo/Desktop/cltest/Anywhere/Anywhere_harmony/oh_modules/.ohpm/@luvi+lv-markdown-in@3.4.1/oh_modules/@luvi/lv-markdown-in/src/main/ets/enhance/controller/MarkdonwController.d.ets:467:48
 Type notation using "this" is not supported (arkts-no-typing-with-this)
[39m[39m
[33m60 WARN: [33m[33mArkTS:WARN File: C:/Users/lneoo/Desktop/cltest/Anywhere/Anywhere_harmony/oh_modules/.ohpm/@luvi+lv-markdown-in@3.4.1/oh_modules/@luvi/lv-markdown-in/src/main/ets/enhance/controller/MarkdonwController.d.ets:474:42
 Type notation using "this" is not supported (arkts-no-typing-with-this)
[39m[39m
[33m61 WARN: [33m[33mArkTS:WARN File: C:/Users/lneoo/Desktop/cltest/Anywhere/Anywhere_harmony/oh_modules/.ohpm/@luvi+lv-markdown-in@3.4.1/oh_modules/@luvi/lv-markdown-in/src/main/ets/enhance/controller/MarkdonwController.d.ets:480:47
 Type notation using "this" is not supported (arkts-no-typing-with-this)
[39m[39m
[33m62 WARN: [33m[33mArkTS:WARN File: C:/Users/lneoo/Desktop/cltest/Anywhere/Anywhere_harmony/oh_modules/.ohpm/@luvi+lv-markdown-in@3.4.1/oh_modules/@luvi/lv-markdown-in/src/main/ets/enhance/controller/MarkdonwController.d.ets:487:39
 Type notation using "this" is not supported (arkts-no-typing-with-this)
[39m[39m
[33m63 WARN: [33m[33mArkTS:WARN File: C:/Users/lneoo/Desktop/cltest/Anywhere/Anywhere_harmony/oh_modules/.ohpm/@luvi+lv-markdown-in@3.4.1/oh_modules/@luvi/lv-markdown-in/src/main/ets/enhance/controller/MarkdonwController.d.ets:494:40
 Type notation using "this" is not supported (arkts-no-typing-with-this)
[39m[39m
[33m64 WARN: [33m[33mArkTS:WARN File: C:/Users/lneoo/Desktop/cltest/Anywhere/Anywhere_harmony/oh_modules/.ohpm/@luvi+lv-markdown-in@3.4.1/oh_modules/@luvi/lv-markdown-in/src/main/ets/enhance/controller/MarkdonwController.d.ets:501:41
 Type notation using "this" is not supported (arkts-no-typing-with-this)
[39m[39m
[33m65 WARN: [33m[33mArkTS:WARN File: C:/Users/lneoo/Desktop/cltest/Anywhere/Anywhere_harmony/oh_modules/.ohpm/@luvi+lv-markdown-in@3.4.1/oh_modules/@luvi/lv-markdown-in/src/main/ets/enhance/controller/MarkdonwController.d.ets:508:86
 Type notation using "this" is not supported (arkts-no-typing-with-this)
[39m[39m
[33m66 WARN: [33m[33mArkTS:WARN File: C:/Users/lneoo/Desktop/cltest/Anywhere/Anywhere_harmony/oh_modules/.ohpm/@luvi+lv-markdown-in@3.4.1/oh_modules/@luvi/lv-markdown-in/src/main/ets/enhance/controller/MarkdonwController.d.ets:514:42
 Type notation using "this" is not supported (arkts-no-typing-with-this)
[39m[39m
[33m67 WARN: [33m[33mArkTS:WARN File: C:/Users/lneoo/Desktop/cltest/Anywhere/Anywhere_harmony/oh_modules/.ohpm/@luvi+lv-markdown-in@3.4.1/oh_modules/@luvi/lv-markdown-in/src/main/ets/enhance/controller/MarkdonwController.d.ets:530:43
 Type notation using "this" is not supported (arkts-no-typing-with-this)
[39m[39m
[33m68 WARN: [33m[33mArkTS:WARN File: C:/Users/lneoo/Desktop/cltest/Anywhere/Anywhere_harmony/oh_modules/.ohpm/@luvi+lv-markdown-in@3.4.1/oh_modules/@luvi/lv-markdown-in/src/main/ets/enhance/controller/MarkdonwController.d.ets:537:64
 Type notation using "this" is not supported (arkts-no-typing-with-this)
[39m[39m
[33m69 WARN: [33m[33mArkTS:WARN File: C:/Users/lneoo/Desktop/cltest/Anywhere/Anywhere_harmony/oh_modules/.ohpm/@luvi+lv-markdown-in@3.4.1/oh_modules/@luvi/lv-markdown-in/src/main/ets/enhance/controller/MarkdonwController.d.ets:2:1
 Switching off type checks with in-place comments is not allowed (arkts-strict-typing-required)
[39m[39m
[33m70 WARN: [33m[33mArkTS:WARN File: C:/Users/lneoo/Desktop/cltest/Anywhere/Anywhere_harmony/oh_modules/.ohpm/@luvi+lv-markdown-in@3.4.1/oh_modules/@luvi/lv-markdown-in/src/main/ets/enhance/model/TreeNode.d.ets:2:1
 Switching off type checks with in-place comments is not allowed (arkts-strict-typing-required)
[39m[39m
[33m71 WARN: [33m[33mArkTS:WARN File: C:/Users/lneoo/Desktop/cltest/Anywhere/Anywhere_harmony/oh_modules/.ohpm/@luvi+lv-markdown-in@3.4.1/oh_modules/@luvi/lv-markdown-in/src/main/ets/enhance/model/MarkdownPlugin.d.ets:2:1
 Switching off type checks with in-place comments is not allowed (arkts-strict-typing-required)
[39m[39m
[33m72 WARN: [33m[33mArkTS:WARN File: C:/Users/lneoo/Desktop/cltest/Anywhere/Anywhere_harmony/oh_modules/.ohpm/@luvi+lv-markdown-in@3.4.1/oh_modules/@luvi/lv-markdown-in/src/main/ets/enhance/model/MdCallback.d.ets:2:1
 Switching off type checks with in-place comments is not allowed (arkts-strict-typing-required)
[39m[39m
[33m73 WARN: [33m[33mArkTS:WARN File: C:/Users/lneoo/Desktop/cltest/Anywhere/Anywhere_harmony/oh_modules/.ohpm/@luvi+lv-markdown-in@3.4.1/oh_modules/@luvi/lv-markdown-in/src/main/ets/enhance/index.d.ets:2:1
 Switching off type checks with in-place comments is not allowed (arkts-strict-typing-required)
[39m[39m
[33m74 WARN: [33m[33mArkTS:WARN File: C:/Users/lneoo/Desktop/cltest/Anywhere/Anywhere_harmony/oh_modules/.ohpm/@luvi+lv-markdown-in@3.4.1/oh_modules/@luvi/lv-markdown-in/Index.d.ets:2:1
 Switching off type checks with in-place comments is not allowed (arkts-strict-typing-required)
[39m[39m
[33m75 WARN: [33m[33mArkTS:WARN: For details about ArkTS syntax errors, see FAQs[39m[39m
[33m76 WARN: [33m[33mArkTS:WARN File: C:/Users/lneoo/Desktop/cltest/Anywhere/Anywhere_harmony/entry/src/main/ets/services/StorageService.ets:36:11
 Function may throw exceptions. Special handling is required.
[39m[39m
[33m77 WARN: [33m[33mArkTS:WARN File: C:/Users/lneoo/Desktop/cltest/Anywhere/Anywhere_harmony/entry/src/main/ets/services/StorageService.ets:37:11
 Function may throw exceptions. Special handling is required.
[39m[39m
[33m78 WARN: [33m[33mArkTS:WARN File: C:/Users/lneoo/Desktop/cltest/Anywhere/Anywhere_harmony/entry/src/main/ets/services/StorageService.ets:42:18
 Function may throw exceptions. Special handling is required.
[39m[39m
[33m79 WARN: [33m[33mArkTS:WARN File: C:/Users/lneoo/Desktop/cltest/Anywhere/Anywhere_harmony/entry/src/main/ets/services/StorageService.ets:47:11
 Function may throw exceptions. Special handling is required.
[39m[39m
[33m80 WARN: [33m[33mArkTS:WARN File: C:/Users/lneoo/Desktop/cltest/Anywhere/Anywhere_harmony/entry/src/main/ets/services/StorageService.ets:48:11
 Function may throw exceptions. Special handling is required.
[39m[39m
[33m81 WARN: [33m[33mArkTS:WARN File: C:/Users/lneoo/Desktop/cltest/Anywhere/Anywhere_harmony/entry/src/main/ets/services/StorageService.ets:53:21
 Function may throw exceptions. Special handling is required.
[39m[39m
[33m82 WARN: [33m[33mArkTS:WARN File: C:/Users/lneoo/Desktop/cltest/Anywhere/Anywhere_harmony/entry/src/main/ets/services/StorageService.ets:63:11
 Function may throw exceptions. Special handling is required.
[39m[39m
[33m83 WARN: [33m[33mArkTS:WARN File: C:/Users/lneoo/Desktop/cltest/Anywhere/Anywhere_harmony/entry/src/main/ets/services/StorageService.ets:64:11
 Function may throw exceptions. Special handling is required.
[39m[39m
[33m84 WARN: [33m[33mArkTS:WARN File: C:/Users/lneoo/Desktop/cltest/Anywhere/Anywhere_harmony/entry/src/main/ets/services/StorageService.ets:69:21
 Function may throw exceptions. Special handling is required.
[39m[39m
[33m85 WARN: [33m[33mArkTS:WARN File: C:/Users/lneoo/Desktop/cltest/Anywhere/Anywhere_harmony/entry/src/main/ets/common/websocket/WSClient.ets:191:20
 The system capacity of this api 'backgroundTaskManager' is not supported on all devices
[39m[39m
[33m86 WARN: [33m[33mArkTS:WARN File: C:/Users/lneoo/Desktop/cltest/Anywhere/Anywhere_harmony/entry/src/main/ets/common/websocket/WSClient.ets:203:9
 The system capacity of this api 'backgroundTaskManager' is not supported on all devices
[39m[39m
[33m87 WARN: [33m[33mArkTS:WARN File: C:/Users/lneoo/Desktop/cltest/Anywhere/Anywhere_harmony/entry/src/main/ets/common/ui/MessageCard.ets:94:5
 Function may throw exceptions. Special handling is required.
[39m[39m
[33m88 WARN: [33m[33mArkTS:WARN File: C:/Users/lneoo/Desktop/cltest/Anywhere/Anywhere_harmony/entry/src/main/ets/common/ui/MessageCard.ets:95:45
 The 'openToast' API is supported since SDK version 18. However, the current compatible SDK version is 5.0.0(12).
[39m[39m
[33m89 WARN: [33m[33mArkTS:WARN File: C:/Users/lneoo/Desktop/cltest/Anywhere/Anywhere_harmony/entry/src/main/ets/feature/chat/ChatInputBar.ets:90:56
 'getContext' has been deprecated.
[39m[39m
[33m90 WARN: [33m[33mArkTS:WARN File: C:/Users/lneoo/Desktop/cltest/Anywhere/Anywhere_harmony/entry/src/main/ets/feature/chat/ChatInputBar.ets:271:14
 The 'minLines' API is supported since SDK version 20. However, the current compatible SDK version is 5.0.0(12).
[39m[39m
[33m91 WARN: [33m[33mArkTS:WARN File: C:/Users/lneoo/Desktop/cltest/Anywhere/Anywhere_harmony/entry/src/main/ets/feature/onboarding/OnboardingView.ets:209:9
 'animateTo' has been deprecated.
[39m[39m
[33m92 WARN: [33m[33mArkTS:WARN File: C:/Users/lneoo/Desktop/cltest/Anywhere/Anywhere_harmony/entry/src/main/ets/feature/onboarding/OnboardingView.ets:279:21
 'getContext' has been deprecated.
[39m[39m
[33m93 WARN: [33mArkTS:WARN File: C:/Users/lneoo/Desktop/cltest/Anywhere/Anywhere_harmony/entry/src/main/ets/pages/Index.ets:14:1
 It's not a recommended way to export struct with '@Entry' decorator, which may cause ACE Engine error in component preview mode.[39m[39m[39m
> hvigor [91mERROR: ArkTS Compiler Error
[31m1 ERROR: [31m10605079 ArkTS Compiler Error
Error Message: Type annotation in catch clause is not supported (arkts-no-types-in-catch) At File: C:/Users/lneoo/Desktop/cltest/Anywhere/Anywhere_harmony/entry/src/main/ets/feature/onboarding/OnboardingView.ets:297:17
[39m
[39m
[31m2 ERROR: [31m10605008 ArkTS Compiler Error
Error Message: Use explicit types instead of "any", "unknown" (arkts-no-any-unknown) At File: C:/Users/lneoo/Desktop/cltest/Anywhere/Anywhere_harmony/entry/src/main/ets/feature/onboarding/OnboardingView.ets:297:20
[39m
[39m
[31m3 ERROR: [31m10605079 ArkTS Compiler Error
Error Message: Type annotation in catch clause is not supported (arkts-no-types-in-catch) At File: C:/Users/lneoo/Desktop/cltest/Anywhere/Anywhere_harmony/entry/src/main/ets/feature/onboarding/OnboardingView.ets:302:14
[39m
[39m
[31m4 ERROR: [31m10605008 ArkTS Compiler Error
Error Message: Use explicit types instead of "any", "unknown" (arkts-no-any-unknown) At File: C:/Users/lneoo/Desktop/cltest/Anywhere/Anywhere_harmony/entry/src/main/ets/feature/onboarding/OnboardingView.ets:302:17
[39m
[39m
[31m5 ERROR: [31m10505001 ArkTS Compiler Error
Error Message: ';' expected. At File: C:/Users/lneoo/Desktop/cltest/Anywhere/Anywhere_harmony/entry/src/main/ets/feature/onboarding/OnboardingView.ets:306:11
[39m
[39m
[31m6 ERROR: [31m10505001 ArkTS Compiler Error
Error Message: ';' expected. At File: C:/Users/lneoo/Desktop/cltest/Anywhere/Anywhere_harmony/entry/src/main/ets/feature/onboarding/OnboardingView.ets:307:22
[39m
[39m
[31m7 ERROR: [31m10505001 ArkTS Compiler Error
Error Message: ';' expected. At File: C:/Users/lneoo/Desktop/cltest/Anywhere/Anywhere_harmony/entry/src/main/ets/feature/onboarding/OnboardingView.ets:308:46
[39m
[39m
[31m8 ERROR: [31m10505001 ArkTS Compiler Error
Error Message: ';' expected. At File: C:/Users/lneoo/Desktop/cltest/Anywhere/Anywhere_harmony/entry/src/main/ets/feature/onboarding/OnboardingView.ets:309:18
[39m
[39m
[31m9 ERROR: [31m10505001 ArkTS Compiler Error
Error Message: ';' expected. At File: C:/Users/lneoo/Desktop/cltest/Anywhere/Anywhere_harmony/entry/src/main/ets/feature/onboarding/OnboardingView.ets:310:20
[39m
[39m
[31m10 ERROR: [31m10505001 ArkTS Compiler Error
Error Message: ';' expected. At File: C:/Users/lneoo/Desktop/cltest/Anywhere/Anywhere_harmony/entry/src/main/ets/feature/onboarding/OnboardingView.ets:312:22
[39m
[39m
[31m11 ERROR: [31m10505001 ArkTS Compiler Error
Error Message: Declaration or statement expected. At File: C:/Users/lneoo/Desktop/cltest/Anywhere/Anywhere_harmony/entry/src/main/ets/feature/onboarding/OnboardingView.ets:333:13
[39m
[39m
[31m12 ERROR: [31m10505001 ArkTS Compiler Error
Error Message: ';' expected. At File: C:/Users/lneoo/Desktop/cltest/Anywhere/Anywhere_harmony/entry/src/main/ets/feature/onboarding/OnboardingView.ets:339:22
[39m
[39m
[31m13 ERROR: [31m10505001 ArkTS Compiler Error
Error Message: ';' expected. At File: C:/Users/lneoo/Desktop/cltest/Anywhere/Anywhere_harmony/entry/src/main/ets/feature/onboarding/OnboardingView.ets:342:25
[39m
[39m
[31m14 ERROR: [31m10505001 ArkTS Compiler Error
Error Message: Declaration or statement expected. At File: C:/Users/lneoo/Desktop/cltest/Anywhere/Anywhere_harmony/entry/src/main/ets/feature/onboarding/OnboardingView.ets:358:19
[39m
[39m
[31m15 ERROR: [31m10505001 ArkTS Compiler Error
Error Message: ';' expected. At File: C:/Users/lneoo/Desktop/cltest/Anywhere/Anywhere_harmony/entry/src/main/ets/feature/onboarding/OnboardingView.ets:365:25
[39m
[39m
[31m16 ERROR: [31m10505001 ArkTS Compiler Error
Error Message: Declaration or statement expected. At File: C:/Users/lneoo/Desktop/cltest/Anywhere/Anywhere_harmony/entry/src/main/ets/feature/onboarding/OnboardingView.ets:372:19
[39m
[39m
[31m17 ERROR: [31m10505001 ArkTS Compiler Error
Error Message: ';' expected. At File: C:/Users/lneoo/Desktop/cltest/Anywhere/Anywhere_harmony/entry/src/main/ets/feature/onboarding/OnboardingView.ets:378:25
[39m
[39m
[31m18 ERROR: [31m10505001 ArkTS Compiler Error
Error Message: ';' expected. At File: C:/Users/lneoo/Desktop/cltest/Anywhere/Anywhere_harmony/entry/src/main/ets/feature/onboarding/OnboardingView.ets:390:30
[39m
[39m
[31m19 ERROR: [31m10505001 ArkTS Compiler Error
Error Message: Declaration or statement expected. At File: C:/Users/lneoo/Desktop/cltest/Anywhere/Anywhere_harmony/entry/src/main/ets/feature/onboarding/OnboardingView.ets:394:21
[39m
[39m
[31m20 ERROR: [31m10505001 ArkTS Compiler Error
Error Message: ';' expected. At File: C:/Users/lneoo/Desktop/cltest/Anywhere/Anywhere_harmony/entry/src/main/ets/feature/onboarding/OnboardingView.ets:401:30
[39m
[39m
[31m21 ERROR: [31m10505001 ArkTS Compiler Error
Error Message: Declaration or statement expected. At File: C:/Users/lneoo/Desktop/cltest/Anywhere/Anywhere_harmony/entry/src/main/ets/feature/onboarding/OnboardingView.ets:405:21
[39m
[39m
[31m22 ERROR: [31m10505001 ArkTS Compiler Error
Error Message: Declaration or statement expected. At File: C:/Users/lneoo/Desktop/cltest/Anywhere/Anywhere_harmony/entry/src/main/ets/feature/onboarding/OnboardingView.ets:413:19
[39m
[39m
[31m23 ERROR: [31m10505001 ArkTS Compiler Error
Error Message: Declaration or statement expected. At File: C:/Users/lneoo/Desktop/cltest/Anywhere/Anywhere_harmony/entry/src/main/ets/feature/onboarding/OnboardingView.ets:427:13
[39m
[39m
[31m24 ERROR: [31m10505001 ArkTS Compiler Error
Error Message: ';' expected. At File: C:/Users/lneoo/Desktop/cltest/Anywhere/Anywhere_harmony/entry/src/main/ets/feature/onboarding/OnboardingView.ets:431:22
[39m
[39m
[31m25 ERROR: [31m10505001 ArkTS Compiler Error
Error Message: ';' expected. At File: C:/Users/lneoo/Desktop/cltest/Anywhere/Anywhere_harmony/entry/src/main/ets/feature/onboarding/OnboardingView.ets:432:21
[39m
[39m
[31m26 ERROR: [31m10505001 ArkTS Compiler Error
Error Message: Declaration or statement expected. At File: C:/Users/lneoo/Desktop/cltest/Anywhere/Anywhere_harmony/entry/src/main/ets/feature/onboarding/OnboardingView.ets:445:15
[39m
[39m
[31m27 ERROR: [31m10505001 ArkTS Compiler Error
Error Message: ';' expected. At File: C:/Users/lneoo/Desktop/cltest/Anywhere/Anywhere_harmony/entry/src/main/ets/feature/onboarding/OnboardingView.ets:450:25
[39m
[39m
[31m28 ERROR: [31m10505001 ArkTS Compiler Error
Error Message: Declaration or statement expected. At File: C:/Users/lneoo/Desktop/cltest/Anywhere/Anywhere_harmony/entry/src/main/ets/feature/onboarding/OnboardingView.ets:455:19
[39m
[39m
[31m29 ERROR: [31m10505001 ArkTS Compiler Error
Error Message: ';' expected. At File: C:/Users/lneoo/Desktop/cltest/Anywhere/Anywhere_harmony/entry/src/main/ets/feature/onboarding/OnboardingView.ets:459:27
[39m
[39m
[31m30 ERROR: [31m10505001 ArkTS Compiler Error
Error Message: ';' expected. At File: C:/Users/lneoo/Desktop/cltest/Anywhere/Anywhere_harmony/entry/src/main/ets/feature/onboarding/OnboardingView.ets:463:32
[39m
[39m
[31m31 ERROR: [31m10505001 ArkTS Compiler Error
Error Message: ';' expected. At File: C:/Users/lneoo/Desktop/cltest/Anywhere/Anywhere_harmony/entry/src/main/ets/feature/onboarding/OnboardingView.ets:464:31
[39m
[39m
[31m32 ERROR: [31m10505001 ArkTS Compiler Error
Error Message: Declaration or statement expected. At File: C:/Users/lneoo/Desktop/cltest/Anywhere/Anywhere_harmony/entry/src/main/ets/feature/onboarding/OnboardingView.ets:475:25
[39m
[39m
[31m33 ERROR: [31m10505001 ArkTS Compiler Error
Error Message: Declaration or statement expected. At File: C:/Users/lneoo/Desktop/cltest/Anywhere/Anywhere_harmony/entry/src/main/ets/feature/onboarding/OnboardingView.ets:487:23
[39m
[39m
[31m34 ERROR: [31m10505001 ArkTS Compiler Error
Error Message: Declaration or statement expected. At File: C:/Users/lneoo/Desktop/cltest/Anywhere/Anywhere_harmony/entry/src/main/ets/feature/onboarding/OnboardingView.ets:489:21
[39m
[39m
[31m35 ERROR: [31m10505001 ArkTS Compiler Error
Error Message: Declaration or statement expected. At File: C:/Users/lneoo/Desktop/cltest/Anywhere/Anywhere_harmony/entry/src/main/ets/feature/onboarding/OnboardingView.ets:505:13
[39m
[39m
[31m36 ERROR: [31m10505001 ArkTS Compiler Error
Error Message: ';' expected. At File: C:/Users/lneoo/Desktop/cltest/Anywhere/Anywhere_harmony/entry/src/main/ets/feature/onboarding/OnboardingView.ets:513:26
[39m
[39m
[31m37 ERROR: [31m10505001 ArkTS Compiler Error
Error Message: Declaration or statement expected. At File: C:/Users/lneoo/Desktop/cltest/Anywhere/Anywhere_harmony/entry/src/main/ets/feature/onboarding/OnboardingView.ets:519:17
[39m
[39m
[31m38 ERROR: [31m10505001 ArkTS Compiler Error
Error Message: ';' expected. At File: C:/Users/lneoo/Desktop/cltest/Anywhere/Anywhere_harmony/entry/src/main/ets/feature/onboarding/OnboardingView.ets:524:26
[39m
[39m
[31m39 ERROR: [31m10505001 ArkTS Compiler Error
Error Message: ';' expected. At File: C:/Users/lneoo/Desktop/cltest/Anywhere/Anywhere_harmony/entry/src/main/ets/feature/onboarding/OnboardingView.ets:533:27
[39m
[39m
[31m40 ERROR: [31m10505001 ArkTS Compiler Error
Error Message: ';' expected. At File: C:/Users/lneoo/Desktop/cltest/Anywhere/Anywhere_harmony/entry/src/main/ets/feature/onboarding/OnboardingView.ets:534:31
[39m
[39m
[31m41 ERROR: [31m10505001 ArkTS Compiler Error
Error Message: Declaration or statement expected. At File: C:/Users/lneoo/Desktop/cltest/Anywhere/Anywhere_harmony/entry/src/main/ets/feature/onboarding/OnboardingView.ets:544:23
[39m
[39m
[31m42 ERROR: [31m10505001 ArkTS Compiler Error
Error Message: ';' expected. At File: C:/Users/lneoo/Desktop/cltest/Anywhere/Anywhere_harmony/entry/src/main/ets/feature/onboarding/OnboardingView.ets:546:32
[39m
[39m
[31m43 ERROR: [31m10505001 ArkTS Compiler Error
Error Message: Declaration or statement expected. At File: C:/Users/lneoo/Desktop/cltest/Anywhere/Anywhere_harmony/entry/src/main/ets/feature/onboarding/OnboardingView.ets:556:23
[39m
[39m
[31m44 ERROR: [31m10505001 ArkTS Compiler Error
Error Message: Declaration or statement expected. At File: C:/Users/lneoo/Desktop/cltest/Anywhere/Anywhere_harmony/entry/src/main/ets/feature/onboarding/OnboardingView.ets:562:21
[39m
[39m
[31m45 ERROR: [31m10505001 ArkTS Compiler Error
Error Message: Declaration or statement expected. At File: C:/Users/lneoo/Desktop/cltest/Anywhere/Anywhere_harmony/entry/src/main/ets/feature/onboarding/OnboardingView.ets:576:17
[39m
[39m
[31m46 ERROR: [31m10505001 ArkTS Compiler Error
Error Message: Declaration or statement expected. At File: C:/Users/lneoo/Desktop/cltest/Anywhere/Anywhere_harmony/entry/src/main/ets/feature/onboarding/OnboardingView.ets:583:11
[39m
[39m
[31m47 ERROR: [31m10505001 ArkTS Compiler Error
Error Message: Declaration or statement expected. At File: C:/Users/lneoo/Desktop/cltest/Anywhere/Anywhere_harmony/entry/src/main/ets/feature/onboarding/OnboardingView.ets:586:9
[39m
[39m
[31m48 ERROR: [31m10505001 ArkTS Compiler Error
Error Message: Declaration or statement expected. At File: C:/Users/lneoo/Desktop/cltest/Anywhere/Anywhere_harmony/entry/src/main/ets/feature/onboarding/OnboardingView.ets:589:7
[39m
[39m
[31m49 ERROR: [31m10505001 ArkTS Compiler Error
Error Message: Declaration or statement expected. At File: C:/Users/lneoo/Desktop/cltest/Anywhere/Anywhere_harmony/entry/src/main/ets/feature/onboarding/OnboardingView.ets:592:5
[39m
[39m
[31m50 ERROR: [31m10505001 ArkTS Compiler Error
Error Message: '}' expected. At File: C:/Users/lneoo/Desktop/cltest/Anywhere/Anywhere_harmony/entry/src/main/ets/feature/onboarding/OnboardingView.ets:596:1
[39m
[39m
[31m51 ERROR: [31m10505001 ArkTS Compiler Error
Error Message: Cannot find name 'build'. Did you mean the instance member 'this.build'? At File: C:/Users/lneoo/Desktop/cltest/Anywhere/Anywhere_harmony/entry/src/main/ets/feature/onboarding/OnboardingView.ets:306:3
[39m
[39m
[31m52 ERROR: [31m10905236 ArkTS Compiler Error
Error Message: UI component 'NavDestination' cannot be used in this place. At File: C:/Users/lneoo/Desktop/cltest/Anywhere/Anywhere_harmony/entry/src/main/ets/feature/onboarding/OnboardingView.ets:307:5
[39m
[39m
[31m53 ERROR: [31m10905236 ArkTS Compiler Error
Error Message: UI component 'Stack' cannot be used in this place. At File: C:/Users/lneoo/Desktop/cltest/Anywhere/Anywhere_harmony/entry/src/main/ets/feature/onboarding/OnboardingView.ets:308:7
[39m
[39m
[31m54 ERROR: [31m10905236 ArkTS Compiler Error
Error Message: UI component 'Scroll' cannot be used in this place. At File: C:/Users/lneoo/Desktop/cltest/Anywhere/Anywhere_harmony/entry/src/main/ets/feature/onboarding/OnboardingView.ets:309:9
[39m
[39m
[31m55 ERROR: [31m10905236 ArkTS Compiler Error
Error Message: UI component 'Column' cannot be used in this place. At File: C:/Users/lneoo/Desktop/cltest/Anywhere/Anywhere_harmony/entry/src/main/ets/feature/onboarding/OnboardingView.ets:310:11
[39m
[39m
[31m56 ERROR: [31m10905236 ArkTS Compiler Error
Error Message: UI component 'Column' cannot be used in this place. At File: C:/Users/lneoo/Desktop/cltest/Anywhere/Anywhere_harmony/entry/src/main/ets/feature/onboarding/OnboardingView.ets:312:13
[39m
[39m
[31m57 ERROR: [31m10905236 ArkTS Compiler Error
Error Message: UI component 'Image' cannot be used in this place. At File: C:/Users/lneoo/Desktop/cltest/Anywhere/Anywhere_harmony/entry/src/main/ets/feature/onboarding/OnboardingView.ets:313:15
[39m
[39m
[31m58 ERROR: [31m10905236 ArkTS Compiler Error
Error Message: UI component 'Text' cannot be used in this place. At File: C:/Users/lneoo/Desktop/cltest/Anywhere/Anywhere_harmony/entry/src/main/ets/feature/onboarding/OnboardingView.ets:320:1
[39m
[39m
[31m59 ERROR: [31m10905236 ArkTS Compiler Error
Error Message: UI component 'Text' cannot be used in this place. At File: C:/Users/lneoo/Desktop/cltest/Anywhere/Anywhere_harmony/entry/src/main/ets/feature/onboarding/OnboardingView.ets:328:15
[39m
[39m
[31m60 ERROR: [31m10505001 ArkTS Compiler Error
Error Message: Cannot find name 'width'. Did you mean the instance member 'this.width'? At File: C:/Users/lneoo/Desktop/cltest/Anywhere/Anywhere_harmony/entry/src/main/ets/feature/onboarding/OnboardingView.ets:333:14
[39m
[39m
[31m61 ERROR: [31m10905236 ArkTS Compiler Error
Error Message: UI component 'Column' cannot be used in this place. At File: C:/Users/lneoo/Desktop/cltest/Anywhere/Anywhere_harmony/entry/src/main/ets/feature/onboarding/OnboardingView.ets:339:13
[39m
[39m
[31m62 ERROR: [31m10905236 ArkTS Compiler Error
Error Message: UI component 'Row' cannot be used in this place. At File: C:/Users/lneoo/Desktop/cltest/Anywhere/Anywhere_harmony/entry/src/main/ets/feature/onboarding/OnboardingView.ets:342:19
[39m
[39m
[31m63 ERROR: [31m10905236 ArkTS Compiler Error
Error Message: UI component 'Circle' cannot be used in this place. At File: C:/Users/lneoo/Desktop/cltest/Anywhere/Anywhere_harmony/entry/src/main/ets/feature/onboarding/OnboardingView.ets:343:21
[39m
[39m
[31m64 ERROR: [31m10905236 ArkTS Compiler Error
Error Message: UI component 'Text' cannot be used in this place. At File: C:/Users/lneoo/Desktop/cltest/Anywhere/Anywhere_harmony/entry/src/main/ets/feature/onboarding/OnboardingView.ets:344:21
[39m
[39m
[31m65 ERROR: [31m10905236 ArkTS Compiler Error
Error Message: UI component 'Button' cannot be used in this place. At File: C:/Users/lneoo/Desktop/cltest/Anywhere/Anywhere_harmony/entry/src/main/ets/feature/onboarding/OnboardingView.ets:348:21
[39m
[39m
[31m66 ERROR: [31m10505001 ArkTS Compiler Error
Error Message: Cannot find name 'width'. Did you mean the instance member 'this.width'? At File: C:/Users/lneoo/Desktop/cltest/Anywhere/Anywhere_harmony/entry/src/main/ets/feature/onboarding/OnboardingView.ets:358:20
[39m
[39m
[31m67 ERROR: [31m10905236 ArkTS Compiler Error
Error Message: UI component 'Row' cannot be used in this place. At File: C:/Users/lneoo/Desktop/cltest/Anywhere/Anywhere_harmony/entry/src/main/ets/feature/onboarding/OnboardingView.ets:365:19
[39m
[39m
[31m68 ERROR: [31m10905236 ArkTS Compiler Error
Error Message: UI component 'LoadingProgress' cannot be used in this place. At File: C:/Users/lneoo/Desktop/cltest/Anywhere/Anywhere_harmony/entry/src/main/ets/feature/onboarding/OnboardingView.ets:366:21
[39m
[39m
[31m69 ERROR: [31m10905236 ArkTS Compiler Error
Error Message: UI component 'Text' cannot be used in this place. At File: C:/Users/lneoo/Desktop/cltest/Anywhere/Anywhere_harmony/entry/src/main/ets/feature/onboarding/OnboardingView.ets:367:21
[39m
[39m
[31m70 ERROR: [31m10505001 ArkTS Compiler Error
Error Message: Cannot find name 'width'. Did you mean the instance member 'this.width'? At File: C:/Users/lneoo/Desktop/cltest/Anywhere/Anywhere_harmony/entry/src/main/ets/feature/onboarding/OnboardingView.ets:372:20
[39m
[39m
[31m71 ERROR: [31m10905236 ArkTS Compiler Error
Error Message: UI component 'Row' cannot be used in this place. At File: C:/Users/lneoo/Desktop/cltest/Anywhere/Anywhere_harmony/entry/src/main/ets/feature/onboarding/OnboardingView.ets:378:19
[39m
[39m
[31m72 ERROR: [31m10905236 ArkTS Compiler Error
Error Message: UI component 'TextInput' cannot be used in this place. At File: C:/Users/lneoo/Desktop/cltest/Anywhere/Anywhere_harmony/entry/src/main/ets/feature/onboarding/OnboardingView.ets:379:21
[39m
[39m
[31m73 ERROR: [31m10905236 ArkTS Compiler Error
Error Message: UI component 'Button' cannot be used in this place. At File: C:/Users/lneoo/Desktop/cltest/Anywhere/Anywhere_harmony/entry/src/main/ets/feature/onboarding/OnboardingView.ets:390:21
[39m
[39m
[31m74 ERROR: [31m10905236 ArkTS Compiler Error
Error Message: UI component 'SymbolGlyph' cannot be used in this place. At File: C:/Users/lneoo/Desktop/cltest/Anywhere/Anywhere_harmony/entry/src/main/ets/feature/onboarding/OnboardingView.ets:391:23
[39m
[39m
[31m75 ERROR: [31m10505001 ArkTS Compiler Error
Error Message: Cannot find name 'type'. At File: C:/Users/lneoo/Desktop/cltest/Anywhere/Anywhere_harmony/entry/src/main/ets/feature/onboarding/OnboardingView.ets:394:22
[39m
[39m
[31m76 ERROR: [31m10905236 ArkTS Compiler Error
Error Message: UI component 'Button' cannot be used in this place. At File: C:/Users/lneoo/Desktop/cltest/Anywhere/Anywhere_harmony/entry/src/main/ets/feature/onboarding/OnboardingView.ets:401:21
[39m
[39m
[31m77 ERROR: [31m10905236 ArkTS Compiler Error
Error Message: UI component 'SymbolGlyph' cannot be used in this place. At File: C:/Users/lneoo/Desktop/cltest/Anywhere/Anywhere_harmony/entry/src/main/ets/feature/onboarding/OnboardingView.ets:402:23
[39m
[39m
[31m78 ERROR: [31m10505001 ArkTS Compiler Error
Error Message: Cannot find name 'type'. At File: C:/Users/lneoo/Desktop/cltest/Anywhere/Anywhere_harmony/entry/src/main/ets/feature/onboarding/OnboardingView.ets:405:22
[39m
[39m
[31m79 ERROR: [31m10505001 ArkTS Compiler Error
Error Message: Cannot find name 'width'. Did you mean the instance member 'this.width'? At File: C:/Users/lneoo/Desktop/cltest/Anywhere/Anywhere_harmony/entry/src/main/ets/feature/onboarding/OnboardingView.ets:413:20
[39m
[39m
[31m80 ERROR: [31m10905236 ArkTS Compiler Error
Error Message: UI component 'Text' cannot be used in this place. At File: C:/Users/lneoo/Desktop/cltest/Anywhere/Anywhere_harmony/entry/src/main/ets/feature/onboarding/OnboardingView.ets:421:19
[39m
[39m
[31m81 ERROR: [31m10505001 ArkTS Compiler Error
Error Message: Cannot find name 'width'. Did you mean the instance member 'this.width'? At File: C:/Users/lneoo/Desktop/cltest/Anywhere/Anywhere_harmony/entry/src/main/ets/feature/onboarding/OnboardingView.ets:427:14
[39m
[39m
[31m82 ERROR: [31m10905236 ArkTS Compiler Error
Error Message: UI component 'Column' cannot be used in this place. At File: C:/Users/lneoo/Desktop/cltest/Anywhere/Anywhere_harmony/entry/src/main/ets/feature/onboarding/OnboardingView.ets:431:13
[39m
[39m
[31m83 ERROR: [31m10905236 ArkTS Compiler Error
Error Message: UI component 'Row' cannot be used in this place. At File: C:/Users/lneoo/Desktop/cltest/Anywhere/Anywhere_harmony/entry/src/main/ets/feature/onboarding/OnboardingView.ets:432:15
[39m
[39m
[31m84 ERROR: [31m10905236 ArkTS Compiler Error
Error Message: UI component 'Text' cannot be used in this place. At File: C:/Users/lneoo/Desktop/cltest/Anywhere/Anywhere_harmony/entry/src/main/ets/feature/onboarding/OnboardingView.ets:433:17
[39m
[39m
[31m85 ERROR: [31m10905236 ArkTS Compiler Error
Error Message: UI component 'Blank' cannot be used in this place. At File: C:/Users/lneoo/Desktop/cltest/Anywhere/Anywhere_harmony/entry/src/main/ets/feature/onboarding/OnboardingView.ets:437:17
[39m
[39m
[31m86 ERROR: [31m10905236 ArkTS Compiler Error
Error Message: UI component 'SymbolGlyph' cannot be used in this place. At File: C:/Users/lneoo/Desktop/cltest/Anywhere/Anywhere_harmony/entry/src/main/ets/feature/onboarding/OnboardingView.ets:438:17
[39m
[39m
[31m87 ERROR: [31m10505001 ArkTS Compiler Error
Error Message: Cannot find name 'width'. Did you mean the instance member 'this.width'? At File: C:/Users/lneoo/Desktop/cltest/Anywhere/Anywhere_harmony/entry/src/main/ets/feature/onboarding/OnboardingView.ets:445:16
[39m
[39m
[31m88 ERROR: [31m10905236 ArkTS Compiler Error
Error Message: UI component 'Row' cannot be used in this place. At File: C:/Users/lneoo/Desktop/cltest/Anywhere/Anywhere_harmony/entry/src/main/ets/feature/onboarding/OnboardingView.ets:450:19
[39m
[39m
[31m89 ERROR: [31m10905236 ArkTS Compiler Error
Error Message: UI component 'Text' cannot be used in this place. At File: C:/Users/lneoo/Desktop/cltest/Anywhere/Anywhere_harmony/entry/src/main/ets/feature/onboarding/OnboardingView.ets:451:21
[39m
[39m
[31m90 ERROR: [31m10505001 ArkTS Compiler Error
Error Message: Cannot find name 'width'. Did you mean the instance member 'this.width'? At File: C:/Users/lneoo/Desktop/cltest/Anywhere/Anywhere_harmony/entry/src/main/ets/feature/onboarding/OnboardingView.ets:455:20
[39m
[39m
[31m91 ERROR: [31m10905236 ArkTS Compiler Error
Error Message: UI component 'Row' cannot be used in this place. At File: C:/Users/lneoo/Desktop/cltest/Anywhere/Anywhere_harmony/entry/src/main/ets/feature/onboarding/OnboardingView.ets:459:21
[39m
[39m
[31m92 ERROR: [31m10905236 ArkTS Compiler Error
Error Message: UI component 'SymbolGlyph' cannot be used in this place. At File: C:/Users/lneoo/Desktop/cltest/Anywhere/Anywhere_harmony/entry/src/main/ets/feature/onboarding/OnboardingView.ets:460:23
[39m
[39m
[31m93 ERROR: [31m10905236 ArkTS Compiler Error
Error Message: UI component 'Column' cannot be used in this place. At File: C:/Users/lneoo/Desktop/cltest/Anywhere/Anywhere_harmony/entry/src/main/ets/feature/onboarding/OnboardingView.ets:463:23
[39m
[39m
[31m94 ERROR: [31m10905236 ArkTS Compiler Error
Error Message: UI component 'Row' cannot be used in this place. At File: C:/Users/lneoo/Desktop/cltest/Anywhere/Anywhere_harmony/entry/src/main/ets/feature/onboarding/OnboardingView.ets:464:25
[39m
[39m
[31m95 ERROR: [31m10905236 ArkTS Compiler Error
Error Message: UI component 'Text' cannot be used in this place. At File: C:/Users/lneoo/Desktop/cltest/Anywhere/Anywhere_harmony/entry/src/main/ets/feature/onboarding/OnboardingView.ets:465:27
[39m
[39m
[31m96 ERROR: [31m10905236 ArkTS Compiler Error
Error Message: UI component 'SymbolGlyph' cannot be used in this place. At File: C:/Users/lneoo/Desktop/cltest/Anywhere/Anywhere_harmony/entry/src/main/ets/feature/onboarding/OnboardingView.ets:470:29
[39m
[39m
[31m97 ERROR: [31m10505001 ArkTS Compiler Error
Error Message: Cannot find name 'onClick'. Did you mean the instance member 'this.onClick'? At File: C:/Users/lneoo/Desktop/cltest/Anywhere/Anywhere_harmony/entry/src/main/ets/feature/onboarding/OnboardingView.ets:475:26
[39m
[39m
[31m98 ERROR: [31m10905236 ArkTS Compiler Error
Error Message: UI component 'Text' cannot be used in this place. At File: C:/Users/lneoo/Desktop/cltest/Anywhere/Anywhere_harmony/entry/src/main/ets/feature/onboarding/OnboardingView.ets:483:27
[39m
[39m
[31m99 ERROR: [31m10505001 ArkTS Compiler Error
Error Message: Cannot find name 'alignItems'. At File: C:/Users/lneoo/Desktop/cltest/Anywhere/Anywhere_harmony/entry/src/main/ets/feature/onboarding/OnboardingView.ets:487:24
[39m
[39m
[31m100 ERROR: [31m10505001 ArkTS Compiler Error
Error Message: Cannot find name 'width'. Did you mean the instance member 'this.width'? At File: C:/Users/lneoo/Desktop/cltest/Anywhere/Anywhere_harmony/entry/src/main/ets/feature/onboarding/OnboardingView.ets:489:22
[39m
[39m
[31m101 ERROR: [31m10505001 ArkTS Compiler Error
Error Message: Cannot find name 'width'. Did you mean the instance member 'this.width'? At File: C:/Users/lneoo/Desktop/cltest/Anywhere/Anywhere_harmony/entry/src/main/ets/feature/onboarding/OnboardingView.ets:505:14
[39m
[39m
[31m102 ERROR: [31m10905236 ArkTS Compiler Error
Error Message: UI component 'Column' cannot be used in this place. At File: C:/Users/lneoo/Desktop/cltest/Anywhere/Anywhere_harmony/entry/src/main/ets/feature/onboarding/OnboardingView.ets:513:17
[39m
[39m
[31m103 ERROR: [31m10905236 ArkTS Compiler Error
Error Message: UI component 'LoadingProgress' cannot be used in this place. At File: C:/Users/lneoo/Desktop/cltest/Anywhere/Anywhere_harmony/entry/src/main/ets/feature/onboarding/OnboardingView.ets:514:19
[39m
[39m
[31m104 ERROR: [31m10905236 ArkTS Compiler Error
Error Message: UI component 'Text' cannot be used in this place. At File: C:/Users/lneoo/Desktop/cltest/Anywhere/Anywhere_harmony/entry/src/main/ets/feature/onboarding/OnboardingView.ets:515:19
[39m
[39m
[31m105 ERROR: [31m10505001 ArkTS Compiler Error
Error Message: Cannot find name 'width'. Did you mean the instance member 'this.width'? At File: C:/Users/lneoo/Desktop/cltest/Anywhere/Anywhere_harmony/entry/src/main/ets/feature/onboarding/OnboardingView.ets:519:18
[39m
[39m
[31m106 ERROR: [31m10905236 ArkTS Compiler Error
Error Message: UI component 'Column' cannot be used in this place. At File: C:/Users/lneoo/Desktop/cltest/Anywhere/Anywhere_harmony/entry/src/main/ets/feature/onboarding/OnboardingView.ets:524:17
[39m
[39m
[31m107 ERROR: [31m10905236 ArkTS Compiler Error
Error Message: UI component 'Text' cannot be used in this place. At File: C:/Users/lneoo/Desktop/cltest/Anywhere/Anywhere_harmony/entry/src/main/ets/feature/onboarding/OnboardingView.ets:525:19
[39m
[39m
[31m108 ERROR: [31m10905236 ArkTS Compiler Error
Error Message: UI component 'Row' cannot be used in this place. At File: C:/Users/lneoo/Desktop/cltest/Anywhere/Anywhere_harmony/entry/src/main/ets/feature/onboarding/OnboardingView.ets:533:21
[39m
[39m
[31m109 ERROR: [31m10905236 ArkTS Compiler Error
Error Message: UI component 'Stack' cannot be used in this place. At File: C:/Users/lneoo/Desktop/cltest/Anywhere/Anywhere_harmony/entry/src/main/ets/feature/onboarding/OnboardingView.ets:534:23
[39m
[39m
[31m110 ERROR: [31m10905236 ArkTS Compiler Error
Error Message: UI component 'Circle' cannot be used in this place. At File: C:/Users/lneoo/Desktop/cltest/Anywhere/Anywhere_harmony/entry/src/main/ets/feature/onboarding/OnboardingView.ets:535:25
[39m
[39m
[31m111 ERROR: [31m10905236 ArkTS Compiler Error
Error Message: UI component 'Text' cannot be used in this place. At File: C:/Users/lneoo/Desktop/cltest/Anywhere/Anywhere_harmony/entry/src/main/ets/feature/onboarding/OnboardingView.ets:536:25
[39m
[39m
[31m112 ERROR: [31m10905236 ArkTS Compiler Error
Error Message: UI component 'Image' cannot be used in this place. At File: C:/Users/lneoo/Desktop/cltest/Anywhere/Anywhere_harmony/entry/src/main/ets/feature/onboarding/OnboardingView.ets:538:25
[39m
[39m
[31m113 ERROR: [31m10505001 ArkTS Compiler Error
Error Message: Cannot find name 'margin'. Did you mean the instance member 'this.margin'? At File: C:/Users/lneoo/Desktop/cltest/Anywhere/Anywhere_harmony/entry/src/main/ets/feature/onboarding/OnboardingView.ets:544:24
[39m
[39m
[31m114 ERROR: [31m10905236 ArkTS Compiler Error
Error Message: UI component 'Column' cannot be used in this place. At File: C:/Users/lneoo/Desktop/cltest/Anywhere/Anywhere_harmony/entry/src/main/ets/feature/onboarding/OnboardingView.ets:546:23
[39m
[39m
[31m115 ERROR: [31m10905236 ArkTS Compiler Error
Error Message: UI component 'Text' cannot be used in this place. At File: C:/Users/lneoo/Desktop/cltest/Anywhere/Anywhere_harmony/entry/src/main/ets/feature/onboarding/OnboardingView.ets:547:25
[39m
[39m
[31m116 ERROR: [31m10905236 ArkTS Compiler Error
Error Message: UI component 'Text' cannot be used in this place. At File: C:/Users/lneoo/Desktop/cltest/Anywhere/Anywhere_harmony/entry/src/main/ets/feature/onboarding/OnboardingView.ets:551:27
[39m
[39m
[31m117 ERROR: [31m10505001 ArkTS Compiler Error
Error Message: Cannot find name 'alignItems'. At File: C:/Users/lneoo/Desktop/cltest/Anywhere/Anywhere_harmony/entry/src/main/ets/feature/onboarding/OnboardingView.ets:556:24
[39m
[39m
[31m118 ERROR: [31m10905236 ArkTS Compiler Error
Error Message: UI component 'SymbolGlyph' cannot be used in this place. At File: C:/Users/lneoo/Desktop/cltest/Anywhere/Anywhere_harmony/entry/src/main/ets/feature/onboarding/OnboardingView.ets:559:23
[39m
[39m
[31m119 ERROR: [31m10505001 ArkTS Compiler Error
Error Message: Cannot find name 'width'. Did you mean the instance member 'this.width'? At File: C:/Users/lneoo/Desktop/cltest/Anywhere/Anywhere_harmony/entry/src/main/ets/feature/onboarding/OnboardingView.ets:562:22
[39m
[39m
[31m120 ERROR: [31m10505001 ArkTS Compiler Error
Error Message: Cannot find name 'width'. Did you mean the instance member 'this.width'? At File: C:/Users/lneoo/Desktop/cltest/Anywhere/Anywhere_harmony/entry/src/main/ets/feature/onboarding/OnboardingView.ets:576:18
[39m
[39m
[31m121 ERROR: [31m10505001 ArkTS Compiler Error
Error Message: Cannot find name 'width'. Did you mean the instance member 'this.width'? At File: C:/Users/lneoo/Desktop/cltest/Anywhere/Anywhere_harmony/entry/src/main/ets/feature/onboarding/OnboardingView.ets:583:12
[39m
[39m
[31m122 ERROR: [31m10505001 ArkTS Compiler Error
Error Message: Cannot find name 'width'. Did you mean the instance member 'this.width'? At File: C:/Users/lneoo/Desktop/cltest/Anywhere/Anywhere_harmony/entry/src/main/ets/feature/onboarding/OnboardingView.ets:586:10
[39m
[39m
[31m123 ERROR: [31m10505001 ArkTS Compiler Error
Error Message: Cannot find name 'width'. Did you mean the instance member 'this.width'? At File: C:/Users/lneoo/Desktop/cltest/Anywhere/Anywhere_harmony/entry/src/main/ets/feature/onboarding/OnboardingView.ets:589:8
[39m
[39m
[31m124 ERROR: [31m10505001 ArkTS Compiler Error
Error Message: Cannot find name 'hideTitleBar'. At File: C:/Users/lneoo/Desktop/cltest/Anywhere/Anywhere_harmony/entry/src/main/ets/feature/onboarding/OnboardingView.ets:592:6
[39m
[39m
[31m125 ERROR: [31m10905103 ArkTS Compiler Error
Error Message: The struct 'OnboardingView' must have at least and at most one 'build' method. At File: C:/Users/lneoo/Desktop/cltest/Anywhere/Anywhere_harmony/entry/src/main/ets/feature/onboarding/OnboardingView.ets:17:15

* Try the following:
  > A structurally modified page must have at least one and no more than one 'build' method.
[39m
[39m
[31mCOMPILE RESULT:FAIL {ERROR:126 WARN:93}[39m

[31m* Try:
> Run with --stacktrace option to get the stack trace.
> Run with --debug option to get more log output.
[39m
> hvigor [91mERROR: BUILD FAILED in 13 s 934 ms [39m
