[INFO] 🔥: <ETS Language Server> 5/15/2026, 6:54:49 PM ETS Support language server version: 1.3.9
[INFO] 🔥: <ETS Language Server> 5/15/2026, 6:54:49 PM ohos-typescript version: 4.9.5
[INFO] 🔥: <ETS Language Server> 5/15/2026, 6:54:49 PM Current file URI: file:///C:/Users/lneoo/AppData/Local/npm-cache/_npx/1e1169d954a67fc9/node_modules/@arkts/language-server/out/index.js
[INFO] 🔥: <ETS Language Server> 5/15/2026, 6:54:49 PM ETS Language Server is starting...
[INFO] 🔥: <ETS Language Server> 5/15/2026, 6:54:49 PM ETS Language Server is started! PID: 19092
[WARN] ⚠️: <ETS Language Server> 5/15/2026, 6:54:49 PM Locale is undefined, skip load diagnostic messages.
[INFO] 🔥: <ETS Language Server> 5/15/2026, 6:54:49 PM Workspace folders: file:///C:/Users/lneoo/Desktop/cltest/Anywhere
[INFO] 🔥: <ETS Language Server> 5/15/2026, 6:54:50 PM Cannot find ets.sdkPath in initialization options, language server is shutdowning...
[INFO] 🔥: <ETS Language Server> 5/15/2026, 7:00:23 PM ETS Support language server version: 1.3.9
[INFO] 🔥: <ETS Language Server> 5/15/2026, 7:00:23 PM ohos-typescript version: 4.9.5
[INFO] 🔥: <ETS Language Server> 5/15/2026, 7:00:23 PM Current file URI: file:///C:/Users/lneoo/AppData/Local/npm-cache/_npx/1e1169d954a67fc9/node_modules/@arkts/language-server/out/index.js
[INFO] 🔥: <ETS Language Server> 5/15/2026, 7:00:23 PM ETS Language Server is starting...
[INFO] 🔥: <ETS Language Server> 5/15/2026, 7:00:23 PM ETS Language Server is started! PID: 26164
[WARN] ⚠️: <ETS Language Server> 5/15/2026, 7:00:23 PM Locale is undefined, skip load diagnostic messages.
[INFO] 🔥: <ETS Language Server> 5/15/2026, 7:00:23 PM Workspace folders: file:///C:/Users/lneoo/Desktop/cltest/Anywhere
[INFO] 🔥: <ETS Language Server> 5/15/2026, 7:00:23 PM Cannot find ets.sdkPath in initialization options, language server is shutdowning...
[INFO] 🔥: <ETS Language Server> 5/15/2026, 9:45:34 PM ETS Support language server version: 1.3.9
[INFO] 🔥: <ETS Language Server> 5/15/2026, 9:45:34 PM ohos-typescript version: 4.9.5
[INFO] 🔥: <ETS Language Server> 5/15/2026, 9:45:34 PM Current file URI: file:///C:/Users/lneoo/AppData/Local/npm-cache/_npx/1e1169d954a67fc9/node_modules/@arkts/language-server/out/index.js
[INFO] 🔥: <ETS Language Server> 5/15/2026, 9:45:34 PM ETS Language Server is starting...
[INFO] 🔥: <ETS Language Server> 5/15/2026, 9:45:34 PM ETS Language Server is started! PID: 14152
[WARN] ⚠️: <ETS Language Server> 5/15/2026, 9:45:34 PM Locale is undefined, skip load diagnostic messages.
[INFO] 🔥: <ETS Language Server> 5/15/2026, 9:45:34 PM Workspace folders: file:///C:/Users/lneoo/Desktop/cltest/Anywhere
[INFO] 🔥: <ETS Language Server> 5/15/2026, 9:45:34 PM Cannot find ets.sdkPath in initialization options, language server is shutdowning...
[INFO] 🔥: <ETS Language Server> 5/16/2026, 11:06:17 AM ETS Support language server version: 1.3.9
[INFO] 🔥: <ETS Language Server> 5/16/2026, 11:06:17 AM ohos-typescript version: 4.9.5
[INFO] 🔥: <ETS Language Server> 5/16/2026, 11:06:17 AM Current file URI: file:///C:/Users/lneoo/AppData/Local/npm-cache/_npx/1e1169d954a67fc9/node_modules/@arkts/language-server/out/index.js
[INFO] 🔥: <ETS Language Server> 5/16/2026, 11:06:17 AM ETS Language Server is starting...
[INFO] 🔥: <ETS Language Server> 5/16/2026, 11:06:17 AM ETS Language Server is started! PID: 34524
[WARN] ⚠️: <ETS Language Server> 5/16/2026, 11:06:17 AM Locale is undefined, skip load diagnostic messages.
[INFO] 🔥: <ETS Language Server> 5/16/2026, 11:06:17 AM Workspace folders: file:///C:/Users/lneoo/Desktop/cltest/Anywhere
[INFO] 🔥: <ETS Language Server> 5/16/2026, 11:06:18 AM Cannot find ets.sdkPath in initialization options, language server is shutdowning...
[INFO] 🔥: <ETS Language Server> 5/16/2026, 11:14:30 AM ETS Support language server version: 1.3.9
[INFO] 🔥: <ETS Language Server> 5/16/2026, 11:14:30 AM ohos-typescript version: 4.9.5
[INFO] 🔥: <ETS Language Server> 5/16/2026, 11:14:30 AM Current file URI: file:///C:/Users/lneoo/AppData/Local/npm-cache/_npx/1e1169d954a67fc9/node_modules/@arkts/language-server/out/index.js
[INFO] 🔥: <ETS Language Server> 5/16/2026, 11:14:30 AM ETS Language Server is starting...
[INFO] 🔥: <ETS Language Server> 5/16/2026, 11:14:30 AM ETS Language Server is started! PID: 27892
[WARN] ⚠️: <ETS Language Server> 5/16/2026, 11:14:30 AM Locale is undefined, skip load diagnostic messages.
[INFO] 🔥: <ETS Language Server> 5/16/2026, 11:14:30 AM Workspace folders: file:///C:/Users/lneoo/Desktop/cltest/Anywhere
[INFO] 🔥: <ETS Language Server> 5/16/2026, 11:14:30 AM Cannot find ets.sdkPath in initialization options, language server is shutdowning...
[INFO] 🔥: <ETS Language Server> 5/17/2026, 4:38:51 PM ETS Support language server version: 1.3.9
[INFO] 🔥: <ETS Language Server> 5/17/2026, 4:38:52 PM ohos-typescript version: 4.9.5
[INFO] 🔥: <ETS Language Server> 5/17/2026, 4:38:52 PM Current file URI: file:///C:/Users/lneoo/AppData/Local/npm-cache/_npx/1e1169d954a67fc9/node_modules/@arkts/language-server/out/index.js
[INFO] 🔥: <ETS Language Server> 5/17/2026, 4:38:52 PM ETS Language Server is starting...
[INFO] 🔥: <ETS Language Server> 5/17/2026, 4:38:52 PM ETS Language Server is started! PID: 23668
[WARN] ⚠️: <ETS Language Server> 5/17/2026, 4:38:52 PM Locale is undefined, skip load diagnostic messages.
[INFO] 🔥: <ETS Language Server> 5/17/2026, 4:38:52 PM Workspace folders: file:///C:/Users/lneoo/Desktop/cltest/Anywhere
[INFO] 🔥: <ETS Language Server> 5/17/2026, 4:38:52 PM Cannot find ets.sdkPath in initialization options, language server is shutdowning...
[INFO] 🔥: <ETS Language Server> 5/17/2026, 7:08:54 PM ETS Support language server version: 1.3.9
[INFO] 🔥: <ETS Language Server> 5/17/2026, 7:08:54 PM ohos-typescript version: 4.9.5
[INFO] 🔥: <ETS Language Server> 5/17/2026, 7:08:54 PM Current file URI: file:///C:/Users/lneoo/AppData/Local/npm-cache/_npx/1e1169d954a67fc9/node_modules/@arkts/language-server/out/index.js
[INFO] 🔥: <ETS Language Server> 5/17/2026, 7:08:54 PM ETS Language Server is starting...
[INFO] 🔥: <ETS Language Server> 5/17/2026, 7:08:54 PM ETS Language Server is started! PID: 3604
[WARN] ⚠️: <ETS Language Server> 5/17/2026, 7:08:54 PM Locale is undefined, skip load diagnostic messages.
[INFO] 🔥: <ETS Language Server> 5/17/2026, 7:08:54 PM Workspace folders: file:///C:/Users/lneoo/Desktop/cltest/Anywhere
[INFO] 🔥: <ETS Language Server> 5/17/2026, 7:08:54 PM Cannot find ets.sdkPath in initialization options, language server is shutdowning...
[INFO] 🔥: <ETS Language Server> 5/18/2026, 8:35:20 PM ETS Support language server version: 1.3.9
[INFO] 🔥: <ETS Language Server> 5/18/2026, 8:35:20 PM ohos-typescript version: 4.9.5
[INFO] 🔥: <ETS Language Server> 5/18/2026, 8:35:20 PM Current file URI: file:///C:/Users/lneoo/AppData/Local/npm-cache/_npx/1e1169d954a67fc9/node_modules/@arkts/language-server/out/index.js
[INFO] 🔥: <ETS Language Server> 5/18/2026, 8:35:20 PM ETS Language Server is starting...
[INFO] 🔥: <ETS Language Server> 5/18/2026, 8:35:20 PM ETS Language Server is started! PID: 8632
[WARN] ⚠️: <ETS Language Server> 5/18/2026, 8:35:20 PM Locale is undefined, skip load diagnostic messages.
[INFO] 🔥: <ETS Language Server> 5/18/2026, 8:35:20 PM Workspace folders: file:///C:/Users/lneoo/Desktop/cltest/Anywhere
[INFO] 🔥: <ETS Language Server> 5/18/2026, 8:35:21 PM Cannot find ets.sdkPath in initialization options, language server is shutdowning...
[INFO] 🔥: <ETS Language Server> 5/18/2026, 10:26:52 PM ETS Support language server version: 1.3.9
[INFO] 🔥: <ETS Language Server> 5/18/2026, 10:26:52 PM ohos-typescript version: 4.9.5
[INFO] 🔥: <ETS Language Server> 5/18/2026, 10:26:52 PM Current file URI: file:///C:/Users/lneoo/AppData/Local/npm-cache/_npx/1e1169d954a67fc9/node_modules/@arkts/language-server/out/index.js
[INFO] 🔥: <ETS Language Server> 5/18/2026, 10:26:52 PM ETS Language Server is starting...
[INFO] 🔥: <ETS Language Server> 5/18/2026, 10:26:52 PM ETS Language Server is started! PID: 59412
[WARN] ⚠️: <ETS Language Server> 5/18/2026, 10:26:52 PM Locale is undefined, skip load diagnostic messages.
[INFO] 🔥: <ETS Language Server> 5/18/2026, 10:26:52 PM Workspace folders: file:///C:/Users/lneoo/Desktop/cltest/Anywhere
[INFO] 🔥: <ETS Language Server> 5/18/2026, 10:26:52 PM Cannot find ets.sdkPath in initialization options, language server is shutdowning...
[INFO] 🔥: <ETS Language Server> 5/18/2026, 11:50:51 PM ETS Support language server version: 1.3.9
[INFO] 🔥: <ETS Language Server> 5/18/2026, 11:50:51 PM ohos-typescript version: 4.9.5
[INFO] 🔥: <ETS Language Server> 5/18/2026, 11:50:51 PM Current file URI: file:///C:/Users/lneoo/AppData/Local/npm-cache/_npx/1e1169d954a67fc9/node_modules/@arkts/language-server/out/index.js
[INFO] 🔥: <ETS Language Server> 5/18/2026, 11:50:51 PM ETS Language Server is starting...
[INFO] 🔥: <ETS Language Server> 5/18/2026, 11:50:51 PM ETS Language Server is started! PID: 37092
[WARN] ⚠️: <ETS Language Server> 5/18/2026, 11:50:51 PM Locale is undefined, skip load diagnostic messages.
[INFO] 🔥: <ETS Language Server> 5/18/2026, 11:50:51 PM Workspace folders: file:///C:/Users/lneoo/Desktop/cltest/Anywhere
[INFO] 🔥: <ETS Language Server> 5/18/2026, 11:50:51 PM Cannot find ets.sdkPath in initialization options, language server is shutdowning...
[INFO] 🔥: <ETS Language Server> 5/19/2026, 3:20:19 PM ETS Support language server version: 1.3.9
[INFO] 🔥: <ETS Language Server> 5/19/2026, 3:20:19 PM ohos-typescript version: 4.9.5
[INFO] 🔥: <ETS Language Server> 5/19/2026, 3:20:19 PM Current file URI: file:///C:/Users/lneoo/AppData/Local/npm-cache/_npx/1e1169d954a67fc9/node_modules/@arkts/language-server/out/index.js
[INFO] 🔥: <ETS Language Server> 5/19/2026, 3:20:19 PM ETS Language Server is starting...
[INFO] 🔥: <ETS Language Server> 5/19/2026, 3:20:19 PM ETS Language Server is started! PID: 62404
[WARN] ⚠️: <ETS Language Server> 5/19/2026, 3:20:19 PM Locale is undefined, skip load diagnostic messages.
[INFO] 🔥: <ETS Language Server> 5/19/2026, 3:20:19 PM Workspace folders: file:///C:/Users/lneoo/Desktop/cltest/Anywhere
[INFO] 🔥: <ETS Language Server> 5/19/2026, 3:20:19 PM Cannot find ets.sdkPath in initialization options, language server is shutdowning...
[INFO] 🔥: <ETS Language Server> 5/20/2026, 2:44:55 PM ETS Support language server version: 1.3.9
[INFO] 🔥: <ETS Language Server> 5/20/2026, 2:44:55 PM ohos-typescript version: 4.9.5
[INFO] 🔥: <ETS Language Server> 5/20/2026, 2:44:55 PM Current file URI: file:///C:/Users/lneoo/AppData/Local/npm-cache/_npx/1e1169d954a67fc9/node_modules/@arkts/language-server/out/index.js
[INFO] 🔥: <ETS Language Server> 5/20/2026, 2:44:55 PM ETS Language Server is starting...
[INFO] 🔥: <ETS Language Server> 5/20/2026, 2:44:55 PM ETS Language Server is started! PID: 39360
[WARN] ⚠️: <ETS Language Server> 5/20/2026, 2:44:55 PM Locale is undefined, skip load diagnostic messages.
[INFO] 🔥: <ETS Language Server> 5/20/2026, 2:44:55 PM Workspace folders: file:///C:/Users/lneoo/Desktop/cltest/Anywhere
[INFO] 🔥: <ETS Language Server> 5/20/2026, 2:44:55 PM Cannot find ets.sdkPath in initialization options, language server is shutdowning...
[INFO] 🔥: <ETS Language Server> 5/20/2026, 8:15:14 PM ETS Support language server version: 1.3.9
[INFO] 🔥: <ETS Language Server> 5/20/2026, 8:15:14 PM ohos-typescript version: 4.9.5
[INFO] 🔥: <ETS Language Server> 5/20/2026, 8:15:14 PM Current file URI: file:///C:/Users/lneoo/AppData/Local/npm-cache/_npx/1e1169d954a67fc9/node_modules/@arkts/language-server/out/index.js
[INFO] 🔥: <ETS Language Server> 5/20/2026, 8:15:14 PM ETS Language Server is starting...
[INFO] 🔥: <ETS Language Server> 5/20/2026, 8:15:14 PM ETS Language Server is started! PID: 61992
[WARN] ⚠️: <ETS Language Server> 5/20/2026, 8:15:14 PM Locale is undefined, skip load diagnostic messages.
[INFO] 🔥: <ETS Language Server> 5/20/2026, 8:15:14 PM Workspace folders: file:///C:/Users/lneoo/Desktop/cltest/Anywhere
[INFO] 🔥: <ETS Language Server> 5/20/2026, 8:15:14 PM Cannot find ets.sdkPath in initialization options, language server is shutdowning...
